fsl_lpi2c.c:271:17:LPI2C_MasterWaitForTxReady	0	static
fsl_lpi2c.c:2138:13:LPI2C_CommonIRQHandler	16	static
fsl_lpi2c.c:179:17:LPI2C_GetCyclesForWidth	16	static
fsl_lpi2c.c:1985:6:LPI2C_SlaveTransferHandleIRQ	24	static
fsl_lpi2c.c:1408:6:LPI2C_MasterTransferHandleIRQ	24	static
fsl_lpi2c.c:157:10:LPI2C_GetInstance	8	static
fsl_lpi2c.c:217:10:LPI2C_MasterCheckAndClearError	0	static
fsl_lpi2c.c:319:10:LPI2C_CheckForBusyBus	0	static
fsl_lpi2c.c:356:6:LPI2C_MasterGetDefaultConfig	8	static
fsl_lpi2c.c:477:6:LPI2C_MasterDeinit	8	static
fsl_lpi2c.c:502:6:LPI2C_MasterConfigureDataMatch	12	static
fsl_lpi2c.c:533:6:LPI2C_MasterSetBaudRate	32	static
fsl_lpi2c.c:389:6:LPI2C_MasterInit	24	static
fsl_lpi2c.c:634:10:LPI2C_MasterStart	16	static
fsl_lpi2c.c:675:10:LPI2C_MasterStop	8	static
fsl_lpi2c.c:736:10:LPI2C_MasterReceive	16	static
fsl_lpi2c.c:816:10:LPI2C_MasterSend	16	static
fsl_lpi2c.c:854:10:LPI2C_MasterTransferBlocking	40	static
fsl_lpi2c.c:965:6:LPI2C_MasterTransferCreateHandle	24	static
fsl_lpi2c.c:1264:10:LPI2C_MasterTransferNonBlocking	24	static
fsl_lpi2c.c:1319:10:LPI2C_MasterTransferGetCount	24	static
fsl_lpi2c.c:1383:6:LPI2C_MasterTransferAbort	8	static
fsl_lpi2c.c:1490:6:LPI2C_SlaveGetDefaultConfig	8	static
fsl_lpi2c.c:1526:6:LPI2C_SlaveInit	32	static
fsl_lpi2c.c:1582:6:LPI2C_SlaveDeinit	8	static
fsl_lpi2c.c:1649:10:LPI2C_SlaveSend	24	static
fsl_lpi2c.c:1730:10:LPI2C_SlaveReceive	24	static
fsl_lpi2c.c:1818:6:LPI2C_SlaveTransferCreateHandle	24	static
fsl_lpi2c.c:1875:10:LPI2C_SlaveTransferNonBlocking	24	static
fsl_lpi2c.c:1927:10:LPI2C_SlaveTransferGetCount	8	static
fsl_lpi2c.c:1957:6:LPI2C_SlaveTransferAbort	16	static
fsl_lpi2c.c:2167:6:LPI2C1_DriverIRQHandler	0	static
fsl_lpi2c.c:2175:6:LPI2C2_DriverIRQHandler	0	static
fsl_lpi2c.c:2183:6:LPI2C3_DriverIRQHandler	0	static
fsl_lpi2c.c:2191:6:LPI2C4_DriverIRQHandler	0	static
