fsl_edma.c:875:29:EDMA_TransferWidthMapping	8	static
fsl_edma.c:86:6:EDMA_InstallTCD	16	static
fsl_edma.c:118:6:EDMA_Init	16	static
fsl_edma.c:148:6:EDMA_Deinit	8	static
fsl_edma.c:170:6:EDMA_GetDefaultConfig	8	static
fsl_edma.c:245:6:EDMA_SetMinorOffsetConfig	16	static
fsl_edma.c:269:6:EDMA_SetChannelPreemptionConfig	8	static
fsl_edma.c:322:6:EDMA_SetBandWidth	8	static
fsl_edma.c:341:6:EDMA_SetModulo	16	static
fsl_edma.c:359:6:EDMA_EnableChannelInterrupts	16	static
fsl_edma.c:390:6:EDMA_DisableChannelInterrupts	24	static
fsl_edma.c:421:6:EDMA_TcdReset	8	static
fsl_edma.c:194:6:EDMA_ResetChannel	8	static
fsl_edma.c:468:6:EDMA_TcdSetTransferConfig	24	static
fsl_edma.c:226:6:EDMA_SetTransferConfig	8	static
fsl_edma.c:519:6:EDMA_TcdSetMinorOffsetConfig	8	static
fsl_edma.c:549:6:EDMA_TcdSetChannelLink	8	static
fsl_edma.c:300:6:EDMA_SetChannelLink	8	static
fsl_edma.c:599:6:EDMA_TcdSetModulo	8	static
fsl_edma.c:617:6:EDMA_TcdEnableInterrupts	8	static
fsl_edma.c:641:6:EDMA_TcdDisableInterrupts	8	static
fsl_edma.c:679:10:EDMA_GetRemainingMajorLoopCount	8	static
fsl_edma.c:715:10:EDMA_GetChannelStatusFlags	8	static
fsl_edma.c:739:6:EDMA_ClearChannelStatusFlags	8	static
fsl_edma.c:790:6:EDMA_CreateHandle	16	static
fsl_edma.c:843:6:EDMA_InstallTCDMemory	8	static
fsl_edma.c:867:6:EDMA_SetCallback	8	static
fsl_edma.c:937:6:EDMA_PrepareTransferConfig	40	static
fsl_edma.c:986:6:EDMA_PrepareTransfer	48	static
fsl_edma.c:1040:10:EDMA_SubmitTransfer	40	static
fsl_edma.c:1201:6:EDMA_StartTransfer	16	static
fsl_edma.c:1248:6:EDMA_StopTransfer	8	static
fsl_edma.c:1264:6:EDMA_AbortTransfer	12	static
fsl_edma.c:1313:6:EDMA_HandleIRQ	16	static
fsl_edma.c:1795:6:DMA0_DMA16_DriverIRQHandler	8	static
fsl_edma.c:1808:6:DMA1_DMA17_DriverIRQHandler	8	static
fsl_edma.c:1821:6:DMA2_DMA18_DriverIRQHandler	8	static
fsl_edma.c:1834:6:DMA3_DMA19_DriverIRQHandler	8	static
fsl_edma.c:1847:6:DMA4_DMA20_DriverIRQHandler	8	static
fsl_edma.c:1860:6:DMA5_DMA21_DriverIRQHandler	8	static
fsl_edma.c:1873:6:DMA6_DMA22_DriverIRQHandler	8	static
fsl_edma.c:1886:6:DMA7_DMA23_DriverIRQHandler	8	static
fsl_edma.c:1899:6:DMA8_DMA24_DriverIRQHandler	8	static
fsl_edma.c:1912:6:DMA9_DMA25_DriverIRQHandler	8	static
fsl_edma.c:1925:6:DMA10_DMA26_DriverIRQHandler	8	static
fsl_edma.c:1938:6:DMA11_DMA27_DriverIRQHandler	8	static
fsl_edma.c:1951:6:DMA12_DMA28_DriverIRQHandler	8	static
fsl_edma.c:1964:6:DMA13_DMA29_DriverIRQHandler	8	static
fsl_edma.c:1977:6:DMA14_DMA30_DriverIRQHandler	8	static
fsl_edma.c:1990:6:DMA15_DMA31_DriverIRQHandler	8	static
