fsl_sai.c:340:13:SAI_GetCommonConfig	24	static
fsl_sai.c:409:6:SAI_TxInit	16	static
fsl_sai.c:533:6:SAI_RxInit	16	static
fsl_sai.c:648:6:SAI_Init	8	static
fsl_sai.c:676:6:SAI_Deinit	8	static
fsl_sai.c:702:6:SAI_TxGetDefaultConfig	8	static
fsl_sai.c:736:6:SAI_RxGetDefaultConfig	8	static
fsl_sai.c:760:6:SAI_TxReset	0	static
fsl_sai.c:783:6:SAI_RxReset	0	static
fsl_sai.c:805:6:SAI_TxEnable	0	static
fsl_sai.c:835:6:SAI_RxEnable	0	static
fsl_sai.c:870:6:SAI_TxSoftwareReset	0	static
fsl_sai.c:889:6:SAI_RxSoftwareReset	0	static
fsl_sai.c:904:6:SAI_TxSetChannelFIFOMask	0	static
fsl_sai.c:917:6:SAI_RxSetChannelFIFOMask	0	static
fsl_sai.c:929:6:SAI_TxSetDataOrder	0	static
fsl_sai.c:943:6:SAI_RxSetDataOrder	0	static
fsl_sai.c:957:6:SAI_TxSetBitClockPolarity	0	static
fsl_sai.c:971:6:SAI_RxSetBitClockPolarity	0	static
fsl_sai.c:985:6:SAI_TxSetFrameSyncPolarity	0	static
fsl_sai.c:999:6:SAI_RxSetFrameSyncPolarity	0	static
fsl_sai.c:1014:6:SAI_TxSetFIFOPacking	0	static
fsl_sai.c:1029:6:SAI_RxSetFIFOPacking	0	static
fsl_sai.c:1048:6:SAI_TxSetBitClockRate	8	static
fsl_sai.c:1095:6:SAI_RxSetBitClockRate	8	static
fsl_sai.c:1140:6:SAI_TxSetBitclockConfig	16	static
fsl_sai.c:1167:6:SAI_RxSetBitclockConfig	16	static
fsl_sai.c:1230:6:SAI_TxSetFifoConfig	8	static
fsl_sai.c:1272:6:SAI_RxSetFifoConfig	16	static
fsl_sai.c:1310:6:SAI_TxSetFrameSyncConfig	16	static
fsl_sai.c:1344:6:SAI_RxSetFrameSyncConfig	16	static
fsl_sai.c:1377:6:SAI_TxSetSerialDataConfig	16	static
fsl_sai.c:1411:6:SAI_RxSetSerialDataConfig	16	static
fsl_sai.c:1433:6:SAI_TxSetConfig	24	static
fsl_sai.c:1535:6:SAI_TransferTxSetConfig	16	static
fsl_sai.c:1562:6:SAI_RxSetConfig	24	static
fsl_sai.c:1665:6:SAI_TransferRxSetConfig	16	static
fsl_sai.c:1693:6:SAI_GetClassicI2SConfig	0	static
fsl_sai.c:1709:6:SAI_GetLeftJustifiedConfig	16	static
fsl_sai.c:1731:6:SAI_GetRightJustifiedConfig	16	static
fsl_sai.c:1753:6:SAI_GetDSPConfig	16	static
fsl_sai.c:1786:6:SAI_GetTDMConfig	16	static
fsl_sai.c:1829:6:SAI_TxSetFormat	24	static
fsl_sai.c:1972:6:SAI_RxSetFormat	24	static
fsl_sai.c:2113:6:SAI_WriteBlocking	56	static
fsl_sai.c:2151:6:SAI_WriteMultiChannelBlocking	56	static
fsl_sai.c:2205:6:SAI_ReadMultiChannelBlocking	48	static
fsl_sai.c:2251:6:SAI_ReadBlocking	48	static
fsl_sai.c:2283:6:SAI_TransferTxCreateHandle	24	static
fsl_sai.c:2314:6:SAI_TransferRxCreateHandle	24	static
fsl_sai.c:2350:10:SAI_TransferTxSetFormat	24	static
fsl_sai.c:2400:10:SAI_TransferRxSetFormat	24	static
fsl_sai.c:2449:10:SAI_TransferSendNonBlocking	16	static
fsl_sai.c:2498:10:SAI_TransferReceiveNonBlocking	16	static
fsl_sai.c:2541:10:SAI_TransferGetSendCount	8	static
fsl_sai.c:2569:10:SAI_TransferGetReceiveCount	8	static
fsl_sai.c:2597:6:SAI_TransferAbortSend	16	static
fsl_sai.c:2702:6:SAI_TransferTxHandleIRQ	64	static
fsl_sai.c:2627:6:SAI_TransferAbortReceive	16	static
fsl_sai.c:2779:6:SAI_TransferRxHandleIRQ	56	static
fsl_sai.c:2657:6:SAI_TransferTerminateSend	8	static
fsl_sai.c:2681:6:SAI_TransferTerminateReceive	8	static
fsl_sai.c:3591:6:SAI1_DriverIRQHandler	8	static
fsl_sai.c:3618:6:SAI2_DriverIRQHandler	8	static
fsl_sai.c:3645:6:SAI3_DriverIRQHandler	8	static
fsl_sai.c:3670:6:SAI3_TX_DriverIRQHandler	8	static
fsl_sai.c:3677:6:SAI3_RX_DriverIRQHandler	8	static
