fsl_dcp.c:218:17:dcp_schedule_work	40	static
fsl_dcp.c:318:10:DCP_AES_SetKey	12	static
fsl_dcp.c:381:10:DCP_AES_EncryptEcb	72	static
fsl_dcp.c:423:10:DCP_AES_EncryptEcbNonBlocking	12	static
fsl_dcp.c:479:10:DCP_AES_DecryptEcb	72	static
fsl_dcp.c:521:10:DCP_AES_DecryptEcbNonBlocking	12	static
fsl_dcp.c:577:10:DCP_AES_EncryptCbc	88	static
fsl_dcp.c:624:10:DCP_AES_EncryptCbcNonBlocking	4	static
fsl_dcp.c:688:10:DCP_AES_DecryptCbc	88	static
fsl_dcp.c:735:10:DCP_AES_DecryptCbcNonBlocking	4	static
fsl_dcp.c:797:6:DCP_GetDefaultConfig	8	static
fsl_dcp.c:822:6:DCP_Init	12	static
fsl_dcp.c:854:6:DCP_Deinit	8	static
fsl_dcp.c:874:10:DCP_WaitForChannelComplete	0	static
fsl_dcp.c:900:17:dcp_hash_check_input_alg	0	static
fsl_dcp.c:920:17:dcp_hash_check_input_args	0	static
fsl_dcp.c:945:17:dcp_hash_check_context	0	static
fsl_dcp.c:971:17:dcp_hash_engine_init	0	static
fsl_dcp.c:986:17:dcp_hash_update_non_blocking	12	static
fsl_dcp.c:1035:17:dcp_hash_update	64	static
fsl_dcp.c:1073:17:dcp_hash_process_message_data	32	static
fsl_dcp.c:1125:17:dcp_hash_finalize	4	static
fsl_dcp.c:1135:13:dcp_hash_save_running_hash	0	static
fsl_dcp.c:1167:13:dcp_hash_restore_running_hash	0	static
fsl_dcp.c:1210:10:DCP_HASH_Init	12	static
fsl_dcp.c:1256:10:DCP_HASH_Update	24	static
fsl_dcp.c:1320:10:DCP_HASH_Finish	32	static
fsl_dcp.c:1426:10:DCP_HASH	280	static
fsl_dcp.c:624:10:DCP_AES_EncryptCbcNonBlocking.part.0	24	static
fsl_dcp.c:735:10:DCP_AES_DecryptCbcNonBlocking.part.0	24	static
fsl_common.h:552:28:DisableGlobalIRQ	0	static
fsl_common.h:583:24:EnableGlobalIRQ	0	static
