fsl_usdhc.c:383:17:USDHC_ReadDataPort	8	static
fsl_usdhc.c:510:17:USDHC_WriteDataPort	8	static
fsl_usdhc.c:347:17:USDHC_ReceiveCommandResponse	16	static
fsl_usdhc.c:2066:6:USDHC_TransferHandleIRQ	24	static
fsl_usdhc.c:232:17:USDHC_SetDataTransferConfig.isra.0	12	static
fsl_usdhc.c:326:6:USDHC_SetDataConfig	16	static
fsl_usdhc.c:646:6:USDHC_SendCommand	16	static
fsl_usdhc.c:819:6:USDHC_Init	24	static
fsl_usdhc.c:887:6:USDHC_Deinit	8	static
fsl_usdhc.c:904:6:USDHC_Reset	4	static
fsl_usdhc.c:930:6:USDHC_GetCapability	16	static
fsl_usdhc.c:970:10:USDHC_SetSdClock	16	static
fsl_usdhc.c:1088:6:USDHC_SetCardActive	0	static
fsl_usdhc.c:1111:6:USDHC_EnableDDRMode	0	static
fsl_usdhc.c:1156:6:USDHC_SetMmcBootConfig	16	static
fsl_usdhc.c:1200:10:USDHC_SetADMA1Descriptor	24	static
fsl_usdhc.c:1286:10:USDHC_SetADMA2Descriptor	32	static
fsl_usdhc.c:1397:10:USDHC_SetInternalDmaConfig	16	static
fsl_usdhc.c:1463:10:USDHC_SetAdmaTableConfig	32	static
fsl_usdhc.c:1534:10:USDHC_TransferBlocking	32	static
fsl_usdhc.c:1633:10:USDHC_TransferNonBlocking	24	static
fsl_usdhc.c:1730:6:USDHC_EnableManualTuning	0	static
fsl_usdhc.c:1756:10:USDHC_AdjustDelayForManualTuning	0	static
fsl_usdhc.c:1788:6:USDHC_EnableStandardTuning	8	static
fsl_usdhc.c:1853:6:USDHC_EnableAutoTuningForCmdAndData	0	static
fsl_usdhc.c:2029:6:USDHC_TransferCreateHandle	24	static
fsl_usdhc.c:2112:6:USDHC1_DriverIRQHandler	8	static
fsl_usdhc.c:2120:6:USDHC2_DriverIRQHandler	8	static
