board.c:125:10:BOARD_DebugConsoleSrcFreq	8	static
board.c:144:6:BOARD_InitDebugConsole	8	static
board.c:152:6:BOARD_LPI2C_Init	48	static
board.c:171:10:BOARD_LPI2C_Send	24	static
board.c:210:10:BOARD_LPI2C_Receive	32	static
board.c:254:10:BOARD_LPI2C_SendSCCB	4	static
board.c:264:10:BOARD_LPI2C_ReceiveSCCB	32	static
board.c:316:6:BOARD_Accel_I2C_Init	8	static
board.c:321:10:BOARD_Accel_I2C_Send	40	static
board.c:328:10:BOARD_Accel_I2C_Receive	24	static
board.c:334:6:BOARD_Codec_I2C_Init	8	static
board.c:344:10:BOARD_Codec_I2C_Send	24	static
board.c:351:10:BOARD_Codec_I2C_Receive	4	static
board.c:357:6:BOARD_Camera_I2C_Init	8	static
board.c:364:10:BOARD_Camera_I2C_Send	4	static
board.c:371:10:BOARD_Camera_I2C_Receive	4	static
board.c:378:10:BOARD_Camera_I2C_SendSCCB	4	static
board.c:385:10:BOARD_Camera_I2C_ReceiveSCCB	24	static
board.c:394:6:BOARD_SAI_Enable_Mclk_Output	0	static
board.c:417:6:BOARD_SAI_Init	88	static
board.c:507:6:BOARD_Get_Calibration_State	32	static
board.c:526:6:BOARD_Set_Calibration_State	32	static
board.c:561:6:SAI3_TX_IRQHandler	0	static
board.c:569:6:SAI3_RX_IRQHandler	0	static
board.c:579:6:BOARD_ConfigMPU	36	static
board.c:732:6:BOARD_BoostClock	8	static
board.c:753:6:BOARD_RevertClock	8	static
board.c:775:6:BOARD_RelocateVectorTableToRam	24	static
board.c:805:9:BUTTON_MSDPressed	0	static
board.c:815:9:BUTTON_OTWPressed	0	static
board.c:826:7:BOARD_GetBoardCodecConfig	0	static
