sys_arch.c:70:6:sys_assert	8	static
sys_arch.c:89:7:lwip_rand	0	static
sys_arch.c:106:7:sys_mbox_new	8	static
sys_arch.c:131:6:sys_mbox_free	8	static
sys_arch.c:161:6:sys_mbox_post	16	static
sys_arch.c:179:7:sys_mbox_trypost	24	static
sys_arch.c:231:7:sys_mbox_trypost_fromisr	0	static
sys_arch.c:261:7:sys_arch_mbox_fetch	32	static
sys_arch.c:321:7:sys_arch_mbox_tryfetch	16	static
sys_arch.c:357:7:sys_sem_new	16	static
sys_arch.c:411:7:sys_arch_sem_wait	16	static
sys_arch.c:451:7:sys_mutex_new	8	static
sys_arch.c:472:6:sys_mutex_lock	8	static
sys_arch.c:479:6:sys_mutex_unlock	0	static
sys_arch.c:487:6:sys_mutex_free	0	static
sys_arch.c:502:6:sys_sem_signal	0	static
sys_arch.c:515:6:sys_sem_free	0	static
sys_arch.c:527:6:sys_init	0	static
sys_arch.c:531:7:sys_now	0	static
sys_arch.c:554:14:sys_thread_new	32	static
sys_arch.c:596:12:sys_arch_protect	8	static
sys_arch.c:626:6:sys_arch_unprotect	0	static
sys_arch.c:647:6:sys_lock_tcpip_core	8	static
sys_arch.c:657:6:sys_unlock_tcpip_core	0	static
sys_arch.c:671:6:sys_mark_tcpip_thread	8	static
sys_arch.c:676:6:sys_check_core_locking	8	static
