lpi2c_adapter.c:96:13:HAL_I2cMasterCallback	8	static
lpi2c_adapter.c:109:13:HAL_I2cSlaveCallback	16	static
lpi2c_adapter.c:129:18:HAL_I2cMasterInit	48	static
lpi2c_adapter.c:150:18:HAL_I2cSlaveInit	48	static
lpi2c_adapter.c:171:18:HAL_I2cMasterDeinit	8	static
lpi2c_adapter.c:184:18:HAL_I2cSlaveDeinit	8	static
lpi2c_adapter.c:197:18:HAL_I2cMasterWriteBlocking	0	static
lpi2c_adapter.c:205:18:HAL_I2cMasterReadBlocking	0	static
lpi2c_adapter.c:213:18:HAL_I2cSlaveWriteBlocking	0	static
lpi2c_adapter.c:218:18:HAL_I2cSlaveReadBlocking	0	static
lpi2c_adapter.c:223:18:HAL_I2cMasterTransferBlocking	40	static
lpi2c_adapter.c:244:18:HAL_I2cMasterTransferInstallCallback	16	static
lpi2c_adapter.c:262:18:HAL_I2cMasterTransferNonBlocking	40	static
lpi2c_adapter.c:283:18:HAL_I2cMasterTransferGetCount	8	static
lpi2c_adapter.c:295:18:HAL_I2cMasterTransferAbort	8	static
lpi2c_adapter.c:307:18:HAL_I2cSlaveTransferInstallCallback	16	static
lpi2c_adapter.c:325:18:HAL_I2cSlaveTransferNonBlocking	8	static
lpi2c_adapter.c:337:18:HAL_I2cSlaveTransferAbort	8	static
lpi2c_adapter.c:350:18:HAL_I2cSlaveTransferGetCount	8	static
