queue.c:2076:19:prvCopyDataToQueue	16	static
queue.c:2155:13:prvCopyDataFromQueue	4	static
queue.c:2173:13:prvUnlockQueue	16	static
queue.c:255:12:xQueueGenericReset	16	static
queue.c:368:16:xQueueGenericCreate.part.0	24	static
queue.c:310:16:xQueueGenericCreateStatic	24	static
queue.c:368:16:xQueueGenericCreate	0	static
queue.c:686:16:xQueueCreateCountingSemaphoreStatic	16	static
queue.c:714:16:xQueueCreateCountingSemaphore	8	static
queue.c:740:12:xQueueGenericSend	48	static
queue.c:512:16:xQueueCreateMutexStatic	16	static
queue.c:589:13:xQueueGiveMutexRecursive	16	static
queue.c:496:16:xQueueCreateMutex	8	static
queue.c:950:12:xQueueGenericSendFromISR	32	static
queue.c:1112:12:xQueueGiveFromISR	16	static
queue.c:1277:12:xQueueReceive	48	static
queue.c:1418:12:xQueueSemaphoreTake	40	static
queue.c:644:13:xQueueTakeMutexRecursive	24	static
queue.c:1638:12:xQueuePeek	40	static
queue.c:1787:12:xQueueReceiveFromISR	32	static
queue.c:1878:12:xQueuePeekFromISR	24	static
queue.c:1932:13:uxQueueMessagesWaiting	16	static
queue.c:1948:13:uxQueueSpacesAvailable	16	static
queue.c:1965:13:uxQueueMessagesWaitingFromISR	0	static
queue.c:1977:6:vQueueDelete	4	static
queue.c:2021:14:uxQueueGetQueueNumber	0	static
queue.c:2031:7:vQueueSetQueueNumber	0	static
queue.c:2041:10:ucQueueGetQueueType	0	static
queue.c:2314:12:xQueueIsQueueEmptyFromISR	0	static
queue.c:2354:12:xQueueIsQueueFullFromISR	0	static
queue.c:2650:7:vQueueAddToRegistry	4	static
queue.c:2679:14:pcQueueGetName	0	static
queue.c:2707:7:vQueueUnregisterQueue	4	static
queue.c:2739:7:vQueueWaitForMessageRestricted	16	static
