startup_mimxrt106s.c:922:14:NMI_Handler	0	static
startup_mimxrt106s.c:926:14:HardFault_Handler	0	static
startup_mimxrt106s.c:930:14:MemManage_Handler	0	static
startup_mimxrt106s.c:934:14:BusFault_Handler	0	static
startup_mimxrt106s.c:938:14:UsageFault_Handler	0	static
startup_mimxrt106s.c:942:14:SVC_Handler	0	static
startup_mimxrt106s.c:946:14:DebugMon_Handler	0	static
startup_mimxrt106s.c:950:14:PendSV_Handler	0	static
startup_mimxrt106s.c:954:14:SysTick_Handler	0	static
startup_mimxrt106s.c:435:13:map_flexram	32	static
startup_mimxrt106s.c:762:6:data_init	4	static
startup_mimxrt106s.c:771:6:bss_init	0	static
startup_mimxrt106s.c:796:6:ResetISR	32	static
startup_mimxrt106s.c:962:14:IntDefaultHandler	0	static
startup_mimxrt106s.c:972:11:DMA0_DMA16_IRQHandler	8	static
startup_mimxrt106s.c:976:11:DMA1_DMA17_IRQHandler	8	static
startup_mimxrt106s.c:980:11:DMA2_DMA18_IRQHandler	8	static
startup_mimxrt106s.c:984:11:DMA3_DMA19_IRQHandler	8	static
startup_mimxrt106s.c:988:11:DMA4_DMA20_IRQHandler	8	static
startup_mimxrt106s.c:992:11:DMA5_DMA21_IRQHandler	8	static
startup_mimxrt106s.c:996:11:DMA6_DMA22_IRQHandler	8	static
startup_mimxrt106s.c:1000:11:DMA7_DMA23_IRQHandler	8	static
startup_mimxrt106s.c:1004:11:DMA8_DMA24_IRQHandler	8	static
startup_mimxrt106s.c:1008:11:DMA9_DMA25_IRQHandler	8	static
startup_mimxrt106s.c:1012:11:DMA10_DMA26_IRQHandler	8	static
startup_mimxrt106s.c:1016:11:DMA11_DMA27_IRQHandler	8	static
startup_mimxrt106s.c:1020:11:DMA12_DMA28_IRQHandler	8	static
startup_mimxrt106s.c:1024:11:DMA13_DMA29_IRQHandler	8	static
startup_mimxrt106s.c:1028:11:DMA14_DMA30_IRQHandler	8	static
startup_mimxrt106s.c:1032:11:DMA15_DMA31_IRQHandler	8	static
startup_mimxrt106s.c:1036:11:DMA_ERROR_IRQHandler	8	static
startup_mimxrt106s.c:1040:11:CTI0_ERROR_IRQHandler	8	static
startup_mimxrt106s.c:1044:11:CTI1_ERROR_IRQHandler	8	static
startup_mimxrt106s.c:1048:11:CORE_IRQHandler	8	static
startup_mimxrt106s.c:1052:11:LPUART1_IRQHandler	8	static
startup_mimxrt106s.c:1056:11:LPUART2_IRQHandler	8	static
startup_mimxrt106s.c:1060:11:LPUART3_IRQHandler	8	static
startup_mimxrt106s.c:1064:11:LPUART4_IRQHandler	8	static
startup_mimxrt106s.c:1068:11:LPUART5_IRQHandler	8	static
startup_mimxrt106s.c:1072:11:LPUART6_IRQHandler	8	static
startup_mimxrt106s.c:1076:11:LPUART7_IRQHandler	8	static
startup_mimxrt106s.c:1080:11:LPUART8_IRQHandler	8	static
startup_mimxrt106s.c:1084:11:LPI2C1_IRQHandler	8	static
startup_mimxrt106s.c:1088:11:LPI2C2_IRQHandler	8	static
startup_mimxrt106s.c:1092:11:LPI2C3_IRQHandler	8	static
startup_mimxrt106s.c:1096:11:LPI2C4_IRQHandler	8	static
startup_mimxrt106s.c:1100:11:LPSPI1_IRQHandler	8	static
startup_mimxrt106s.c:1104:11:LPSPI2_IRQHandler	8	static
startup_mimxrt106s.c:1108:11:LPSPI3_IRQHandler	8	static
startup_mimxrt106s.c:1112:11:LPSPI4_IRQHandler	8	static
startup_mimxrt106s.c:1116:11:CAN1_IRQHandler	8	static
startup_mimxrt106s.c:1120:11:CAN2_IRQHandler	8	static
startup_mimxrt106s.c:1124:11:FLEXRAM_IRQHandler	8	static
startup_mimxrt106s.c:1128:11:KPP_IRQHandler	8	static
startup_mimxrt106s.c:1132:11:TSC_DIG_IRQHandler	8	static
startup_mimxrt106s.c:1136:11:GPR_IRQ_IRQHandler	8	static
startup_mimxrt106s.c:1140:11:LCDIF_IRQHandler	8	static
startup_mimxrt106s.c:1144:11:CSI_IRQHandler	8	static
startup_mimxrt106s.c:1148:11:PXP_IRQHandler	8	static
startup_mimxrt106s.c:1152:11:WDOG2_IRQHandler	8	static
startup_mimxrt106s.c:1156:11:SNVS_HP_WRAPPER_IRQHandler	8	static
startup_mimxrt106s.c:1160:11:SNVS_HP_WRAPPER_TZ_IRQHandler	8	static
startup_mimxrt106s.c:1164:11:SNVS_LP_WRAPPER_IRQHandler	8	static
startup_mimxrt106s.c:1168:11:CSU_IRQHandler	8	static
startup_mimxrt106s.c:1172:11:DCP_IRQHandler	8	static
startup_mimxrt106s.c:1176:11:DCP_VMI_IRQHandler	8	static
startup_mimxrt106s.c:1180:11:Reserved68_IRQHandler	8	static
startup_mimxrt106s.c:1184:11:TRNG_IRQHandler	8	static
startup_mimxrt106s.c:1188:11:SJC_IRQHandler	8	static
startup_mimxrt106s.c:1192:11:BEE_IRQHandler	8	static
startup_mimxrt106s.c:1196:11:SAI1_IRQHandler	8	static
startup_mimxrt106s.c:1200:11:SAI2_IRQHandler	8	static
startup_mimxrt106s.c:1204:11:SAI3_RX_IRQHandler	8	static
startup_mimxrt106s.c:1208:11:SAI3_TX_IRQHandler	8	static
startup_mimxrt106s.c:1212:11:SPDIF_IRQHandler	8	static
startup_mimxrt106s.c:1216:11:PMU_EVENT_IRQHandler	8	static
startup_mimxrt106s.c:1220:11:Reserved78_IRQHandler	8	static
startup_mimxrt106s.c:1224:11:TEMP_LOW_HIGH_IRQHandler	8	static
startup_mimxrt106s.c:1228:11:TEMP_PANIC_IRQHandler	8	static
startup_mimxrt106s.c:1232:11:USB_PHY1_IRQHandler	8	static
startup_mimxrt106s.c:1236:11:USB_PHY2_IRQHandler	8	static
startup_mimxrt106s.c:1240:11:ADC1_IRQHandler	8	static
startup_mimxrt106s.c:1244:11:ADC2_IRQHandler	8	static
startup_mimxrt106s.c:1248:11:DCDC_IRQHandler	8	static
startup_mimxrt106s.c:1252:11:Reserved86_IRQHandler	8	static
startup_mimxrt106s.c:1256:11:Reserved87_IRQHandler	8	static
startup_mimxrt106s.c:1260:11:GPIO1_INT0_IRQHandler	8	static
startup_mimxrt106s.c:1264:11:GPIO1_INT1_IRQHandler	8	static
startup_mimxrt106s.c:1268:11:GPIO1_INT2_IRQHandler	8	static
startup_mimxrt106s.c:1272:11:GPIO1_INT3_IRQHandler	8	static
startup_mimxrt106s.c:1276:11:GPIO1_INT4_IRQHandler	8	static
startup_mimxrt106s.c:1280:11:GPIO1_INT5_IRQHandler	8	static
startup_mimxrt106s.c:1284:11:GPIO1_INT6_IRQHandler	8	static
startup_mimxrt106s.c:1288:11:GPIO1_INT7_IRQHandler	8	static
startup_mimxrt106s.c:1292:11:GPIO1_Combined_0_15_IRQHandler	8	static
startup_mimxrt106s.c:1296:11:GPIO1_Combined_16_31_IRQHandler	8	static
startup_mimxrt106s.c:1300:11:GPIO2_Combined_0_15_IRQHandler	8	static
startup_mimxrt106s.c:1304:11:GPIO2_Combined_16_31_IRQHandler	8	static
startup_mimxrt106s.c:1308:11:GPIO3_Combined_0_15_IRQHandler	8	static
startup_mimxrt106s.c:1312:11:GPIO3_Combined_16_31_IRQHandler	8	static
startup_mimxrt106s.c:1316:11:GPIO4_Combined_0_15_IRQHandler	8	static
startup_mimxrt106s.c:1320:11:GPIO4_Combined_16_31_IRQHandler	8	static
startup_mimxrt106s.c:1324:11:GPIO5_Combined_0_15_IRQHandler	8	static
startup_mimxrt106s.c:1328:11:GPIO5_Combined_16_31_IRQHandler	8	static
startup_mimxrt106s.c:1332:11:FLEXIO1_IRQHandler	8	static
startup_mimxrt106s.c:1336:11:FLEXIO2_IRQHandler	8	static
startup_mimxrt106s.c:1340:11:WDOG1_IRQHandler	8	static
startup_mimxrt106s.c:1344:11:RTWDOG_IRQHandler	8	static
startup_mimxrt106s.c:1348:11:EWM_IRQHandler	8	static
startup_mimxrt106s.c:1352:11:CCM_1_IRQHandler	8	static
startup_mimxrt106s.c:1356:11:CCM_2_IRQHandler	8	static
startup_mimxrt106s.c:1360:11:GPC_IRQHandler	8	static
startup_mimxrt106s.c:1364:11:SRC_IRQHandler	8	static
startup_mimxrt106s.c:1368:11:Reserved115_IRQHandler	8	static
startup_mimxrt106s.c:1372:11:GPT1_IRQHandler	8	static
startup_mimxrt106s.c:1376:11:GPT2_IRQHandler	8	static
startup_mimxrt106s.c:1380:11:PWM1_0_IRQHandler	8	static
startup_mimxrt106s.c:1384:11:PWM1_1_IRQHandler	8	static
startup_mimxrt106s.c:1388:11:PWM1_2_IRQHandler	8	static
startup_mimxrt106s.c:1392:11:PWM1_3_IRQHandler	8	static
startup_mimxrt106s.c:1396:11:PWM1_FAULT_IRQHandler	8	static
startup_mimxrt106s.c:1400:11:FLEXSPI2_IRQHandler	8	static
startup_mimxrt106s.c:1404:11:FLEXSPI_IRQHandler	8	static
startup_mimxrt106s.c:1408:11:SEMC_IRQHandler	8	static
startup_mimxrt106s.c:1412:11:USDHC1_IRQHandler	8	static
startup_mimxrt106s.c:1416:11:USDHC2_IRQHandler	8	static
startup_mimxrt106s.c:1420:11:USB_OTG2_IRQHandler	8	static
startup_mimxrt106s.c:1424:11:USB_OTG1_IRQHandler	8	static
startup_mimxrt106s.c:1428:11:ENET_IRQHandler	8	static
startup_mimxrt106s.c:1432:11:ENET_1588_Timer_IRQHandler	8	static
startup_mimxrt106s.c:1436:11:XBAR1_IRQ_0_1_IRQHandler	8	static
startup_mimxrt106s.c:1440:11:XBAR1_IRQ_2_3_IRQHandler	8	static
startup_mimxrt106s.c:1444:11:ADC_ETC_IRQ0_IRQHandler	8	static
startup_mimxrt106s.c:1448:11:ADC_ETC_IRQ1_IRQHandler	8	static
startup_mimxrt106s.c:1452:11:ADC_ETC_IRQ2_IRQHandler	8	static
startup_mimxrt106s.c:1456:11:ADC_ETC_ERROR_IRQ_IRQHandler	8	static
startup_mimxrt106s.c:1460:11:PIT_IRQHandler	8	static
startup_mimxrt106s.c:1464:11:ACMP1_IRQHandler	8	static
startup_mimxrt106s.c:1468:11:ACMP2_IRQHandler	8	static
startup_mimxrt106s.c:1472:11:ACMP3_IRQHandler	8	static
startup_mimxrt106s.c:1476:11:ACMP4_IRQHandler	8	static
startup_mimxrt106s.c:1480:11:Reserved143_IRQHandler	8	static
startup_mimxrt106s.c:1484:11:Reserved144_IRQHandler	8	static
startup_mimxrt106s.c:1488:11:ENC1_IRQHandler	8	static
startup_mimxrt106s.c:1492:11:ENC2_IRQHandler	8	static
startup_mimxrt106s.c:1496:11:ENC3_IRQHandler	8	static
startup_mimxrt106s.c:1500:11:ENC4_IRQHandler	8	static
startup_mimxrt106s.c:1504:11:TMR1_IRQHandler	8	static
startup_mimxrt106s.c:1508:11:TMR2_IRQHandler	8	static
startup_mimxrt106s.c:1512:11:TMR3_IRQHandler	8	static
startup_mimxrt106s.c:1516:11:TMR4_IRQHandler	8	static
startup_mimxrt106s.c:1520:11:PWM2_0_IRQHandler	8	static
startup_mimxrt106s.c:1524:11:PWM2_1_IRQHandler	8	static
startup_mimxrt106s.c:1528:11:PWM2_2_IRQHandler	8	static
startup_mimxrt106s.c:1532:11:PWM2_3_IRQHandler	8	static
startup_mimxrt106s.c:1536:11:PWM2_FAULT_IRQHandler	8	static
startup_mimxrt106s.c:1540:11:PWM3_0_IRQHandler	8	static
startup_mimxrt106s.c:1544:11:PWM3_1_IRQHandler	8	static
startup_mimxrt106s.c:1548:11:PWM3_2_IRQHandler	8	static
startup_mimxrt106s.c:1552:11:PWM3_3_IRQHandler	8	static
startup_mimxrt106s.c:1556:11:PWM3_FAULT_IRQHandler	8	static
startup_mimxrt106s.c:1560:11:PWM4_0_IRQHandler	8	static
startup_mimxrt106s.c:1564:11:PWM4_1_IRQHandler	8	static
startup_mimxrt106s.c:1568:11:PWM4_2_IRQHandler	8	static
startup_mimxrt106s.c:1572:11:PWM4_3_IRQHandler	8	static
startup_mimxrt106s.c:1576:11:PWM4_FAULT_IRQHandler	8	static
startup_mimxrt106s.c:1580:11:ENET2_IRQHandler	8	static
startup_mimxrt106s.c:1584:11:ENET2_1588_Timer_IRQHandler	8	static
startup_mimxrt106s.c:1588:11:CAN3_IRQHandler	8	static
startup_mimxrt106s.c:1592:11:Reserved171_IRQHandler	8	static
startup_mimxrt106s.c:1596:11:FLEXIO3_IRQHandler	8	static
startup_mimxrt106s.c:1600:11:GPIO6_7_8_9_IRQHandler	8	static
