wwd_sdpcm.c:1433:13:wwd_sdpcm_send_common	24	static
wwd_sdpcm.c:376:14:wwd_sdpcm_init	16	static
wwd_sdpcm.c:433:6:wwd_sdpcm_bus_vars_init	4	static
wwd_sdpcm.c:449:6:wwd_sdpcm_quit	16	static
wwd_sdpcm.c:511:6:wwd_network_send_ethernet_data	32	static
wwd_sdpcm.c:578:6:wwd_sdpcm_update_credit	0	static
wwd_sdpcm.c:616:6:wwd_sdpcm_process_rx_packet	32	static
wwd_sdpcm.c:892:14:wwd_sdpcm_register_fw_cmd_exit_hook	0	static
wwd_sdpcm.c:917:14:wwd_sdpcm_send_ioctl	176	static
wwd_sdpcm.c:488:14:wwd_sdpcm_send_iovar	16	static
wwd_sdpcm.c:1062:14:wwd_management_set_event_handler_locally	20	static
wwd_sdpcm.c:1277:32:wwd_sdpcm_get_iovar_buffer	24	static
wwd_sdpcm.c:1205:14:wwd_management_set_event_handler	48	static
wwd_sdpcm.c:1305:32:wwd_sdpcm_get_ioctl_buffer	8	static
wwd_sdpcm.c:1318:14:wwd_sdpcm_has_tx_packet	0	static
wwd_sdpcm.c:1328:14:wwd_sdpcm_get_packet_to_send	24	static
wwd_sdpcm.c:1384:9:wwd_sdpcm_get_available_credits	0	static
wwd_sdpcm.c:1401:14:wwd_wifi_set_raw_packet_processor	0	static
wwd_sdpcm.c:1408:10:wwd_get_bss_index	0	static
wwd_sdpcm.c:1545:6:wwd_update_host_interface_to_bss_index_mapping	0	static
