wwd_wifi.c:4988:21:wwd_wifi_check_join_status	0	static
wwd_wifi.c:5056:21:wwd_wifi_otp_write_bits	32	static
wwd_wifi.c:514:14:wwd_scan_events_handler	56	static
wwd_wifi.c:998:13:wwd_wifi_active_join_deinit	16	static
wwd_wifi.c:2472:14:wwd_wifi_is_ready_to_transceive.part.0	8	static
wwd_wifi.c:312:14:wwd_wifi_p2p_is_go_up	0	static
wwd_wifi.c:317:6:wwd_wifi_p2p_set_go_is_up	0	static
wwd_wifi.c:448:14:wwd_wifi_abort_scan	16	static
wwd_wifi.c:471:7:wiced_ether_ntoa	32	static
wwd_wifi.c:942:14:wwd_wifi_join_halt	8	static
wwd_wifi.c:1459:14:wwd_wifi_deauth_sta	40	static
wwd_wifi.c:1605:1:wwd_wifi_get_cca_for_channel	56	static
wwd_wifi.c:1540:1:wwd_wifi_get_best_cca	128	static
wwd_wifi.c:2071:6:wwd_log_event	0	static
wwd_wifi.c:2374:14:wwd_wifi_send_csa	24	static
wwd_wifi.c:2389:14:wwd_wifi_get_mac_address	24	static
wwd_wifi.c:2430:14:wwd_wifi_set_mac_address	32	static
wwd_wifi.c:2453:14:wwd_wifi_get_and_cache_mac_address	8	static
wwd_wifi.c:2472:14:wwd_wifi_is_ready_to_transceive	0	static
wwd_wifi.c:2088:25:wiced_join_events_handler	8	static
wwd_wifi.c:2508:6:wwd_wifi_register_link_update_callback	0	static
wwd_wifi.c:2513:6:wwd_wifi_link_update	0	static
wwd_wifi.c:2615:14:wwd_wifi_set_fw_cmd_debug_mode	0	static
wwd_wifi.c:2627:14:wwd_wifi_enable_powersave_interface	24	static
wwd_wifi.c:2568:14:wwd_wifi_enable_powersave	0	static
wwd_wifi.c:2653:14:wwd_wifi_disable_powersave_interface	24	static
wwd_wifi.c:2647:14:wwd_wifi_disable_powersave	0	static
wwd_wifi.c:2671:9:wiced_wifi_get_powersave_mode	0	static
wwd_wifi.c:2676:10:wiced_wifi_get_return_to_sleep_delay	0	static
wwd_wifi.c:2736:14:wwd_wifi_get_listen_interval	24	static
wwd_wifi.c:2814:14:wwd_wifi_get_pmk	40	static
wwd_wifi.c:2854:14:wwd_wifi_register_multicast_address_for_interface	32	static
wwd_wifi.c:2891:14:wwd_wifi_register_multicast_address	0	static
wwd_wifi.c:2896:14:wwd_wifi_unregister_multicast_address_for_interface	56	static
wwd_wifi.c:2937:14:wwd_wifi_unregister_multicast_address	0	static
wwd_wifi.c:2952:14:wwd_wifi_get_ap_client_rssi	40	static
wwd_wifi.c:3014:14:wwd_wifi_get_roam_trigger_per_band	40	static
wwd_wifi.c:3038:14:wwd_wifi_get_roam_trigger	0	static
wwd_wifi.c:3068:14:wwd_wifi_get_roam_delta_per_band	40	static
wwd_wifi.c:3063:14:wwd_wifi_get_roam_delta	0	static
wwd_wifi.c:3107:14:wwd_wifi_send_action_frame	24	static
wwd_wifi.c:3120:14:wwd_wifi_get_acparams_sta	24	static
wwd_wifi.c:3161:14:wwd_wifi_monitor_mode_is_enabled	0	static
wwd_wifi.c:3166:14:wwd_wifi_get_bssid	32	static
wwd_wifi.c:3239:14:wwd_wifi_manage_custom_ie	40	static
wwd_wifi.c:3282:6:wwd_wifi_prioritize_acparams	40	static
wwd_wifi.c:3335:14:wwd_wifi_update_tos_map	56	static
wwd_wifi.c:3409:6:wwd_wifi_edcf_ac_params_print	0	static
wwd_wifi.c:3452:14:wwd_wifi_get_channel	32	static
wwd_wifi.c:3468:14:wwd_wifi_set_channel	32	static
wwd_wifi.c:3520:14:wwd_wifi_get_channels	40	static
wwd_wifi.c:3545:14:wwd_wifi_get_counters	24	static
wwd_wifi.c:3637:14:wwd_wifi_get_supported_band_list	32	static
wwd_wifi.c:3712:14:wwd_wifi_add_packet_filter	24	static
wwd_wifi.c:3737:14:wwd_wifi_remove_packet_filter	16	static
wwd_wifi.c:3757:14:wwd_wifi_toggle_packet_filter	24	static
wwd_wifi.c:3747:14:wwd_wifi_enable_packet_filter	0	static
wwd_wifi.c:3752:14:wwd_wifi_disable_packet_filter	0	static
wwd_wifi.c:3768:14:wwd_wifi_get_packet_filter_stats	24	static
wwd_wifi.c:3793:14:wwd_wifi_get_packet_filters	56	static
wwd_wifi.c:3870:14:wwd_wifi_get_packet_filter_mask_and_pattern	48	static
wwd_wifi.c:3923:14:wwd_wifi_add_keep_alive	16	static
wwd_wifi.c:3941:14:wwd_wifi_get_keep_alive	40	static
wwd_wifi.c:3967:14:wwd_wifi_disable_keep_alive	24	static
wwd_wifi.c:3977:14:wwd_wifi_get_associated_client_list	48	static
wwd_wifi.c:4131:14:wwd_wifi_set_passphrase	40	static
wwd_wifi.c:4147:14:wwd_wifi_get_ioctl_buffer	40	static
wwd_wifi.c:2942:14:wwd_wifi_get_rssi	0	static
wwd_wifi.c:2947:14:wwd_wifi_get_noise	0	static
wwd_wifi.c:4172:14:wwd_wifi_set_ioctl_buffer	40	static
wwd_wifi.c:2994:14:wwd_wifi_set_roam_trigger	24	static
wwd_wifi.c:3004:14:wwd_wifi_set_roam_trigger_per_band	16	static
wwd_wifi.c:3043:14:wwd_wifi_set_roam_delta	24	static
wwd_wifi.c:3053:14:wwd_wifi_set_roam_delta_per_band	16	static
wwd_wifi.c:4185:14:wwd_wifi_set_iovar_buffer	24	static
wwd_wifi.c:5285:21:wwd_pno_add_ssid_network	312	static
wwd_wifi.c:4198:14:wwd_wifi_set_iovar_void	24	static
wwd_wifi.c:4207:14:wwd_wifi_set_iovar_value	24	static
wwd_wifi.c:914:14:wwd_wifi_set_scan_params	24	static
wwd_wifi.c:2527:14:wwd_wifi_enable_powersave_with_throughput_interface	32	static
wwd_wifi.c:2521:14:wwd_wifi_enable_powersave_with_throughput	0	static
wwd_wifi.c:2691:14:wwd_wifi_set_tx_power	0	static
wwd_wifi.c:2730:14:wwd_wifi_set_listen_interval_assoc	0	static
wwd_wifi.c:2707:14:wwd_wifi_set_listen_interval	8	static
wwd_wifi.c:2770:14:wwd_wifi_set_ofdm_dutycycle	0	static
wwd_wifi.c:2781:14:wwd_wifi_set_cck_dutycycle	0	static
wwd_wifi.c:3102:14:wwd_wifi_turn_off_roam	0	static
wwd_wifi.c:3658:14:wwd_wifi_set_mcs_rate	72	static
wwd_wifi.c:3681:14:wwd_wifi_set_legacy_rate	0	static
wwd_wifi.c:3697:14:wwd_wifi_set_11n_support	0	static
wwd_wifi.c:3707:14:wwd_wifi_set_packet_filter_mode	0	static
wwd_wifi.c:3787:14:wwd_wifi_clear_packet_filter_stats	0	static
wwd_wifi.c:4103:14:wwd_wifi_set_ht_mode	16	static
wwd_wifi.c:5371:21:wwd_wifi_pno_set_enable.part.0	0	static
wwd_wifi.c:4218:14:wwd_wifi_get_iovar_value	24	static
wwd_wifi.c:928:14:wwd_wifi_get_scan_params	24	static
wwd_wifi.c:2681:14:wwd_wifi_get_tx_power	16	static
wwd_wifi.c:2792:14:wwd_wifi_get_ofdm_dutycycle	16	static
wwd_wifi.c:2803:14:wwd_wifi_get_cck_dutycycle	16	static
wwd_wifi.c:4006:14:wwd_wifi_get_max_associations	0	static
wwd_wifi.c:4117:14:wwd_wifi_get_ht_mode	16	static
wwd_wifi.c:4231:14:wwd_wifi_get_iovar_buffer	24	static
wwd_wifi.c:4255:14:wwd_wifi_set_ioctl_void	32	static
wwd_wifi.c:1434:14:wwd_wifi_leave	16	static
wwd_wifi.c:3205:14:wwd_wifi_set_down	8	static
wwd_wifi.c:3222:14:wwd_wifi_set_up	8	static
wwd_wifi.c:4266:14:wwd_wifi_set_ioctl_value	32	static
wwd_wifi.c:442:14:wwd_wifi_set_scan_suppress	0	static
wwd_wifi.c:2973:14:wwd_wifi_select_antenna	16	static
wwd_wifi.c:3092:14:wwd_wifi_set_roam_scan_period	0	static
wwd_wifi.c:3136:14:wwd_wifi_enable_monitor_mode	8	static
wwd_wifi.c:3149:14:wwd_wifi_disable_monitor_mode	8	static
wwd_wifi.c:3184:14:wwd_wifi_set_preferred_association_band	0	static
wwd_wifi.c:4277:14:wwd_wifi_get_ioctl_value	32	static
wwd_wifi.c:2573:13:wwd_wifi_fw_cmd_exit_hook	24	static
wwd_wifi.c:3097:14:wwd_wifi_get_roam_scan_period	0	static
wwd_wifi.c:3189:14:wwd_wifi_get_preferred_association_band	0	static
wwd_wifi.c:3561:14:wwd_wifi_get_rate	8	static
wwd_wifi.c:4048:14:wwd_wifi_get_ap_info	40	static
wwd_wifi.c:1475:14:wwd_wifi_deauth_all_associated_client_stas	160	static
wwd_wifi.c:4300:14:wwd_wifi_set_radio_resource_management_capabilities	0	static
wwd_wifi.c:4322:14:wwd_wifi_get_radio_resource_management_capabilities	8	static
wwd_wifi.c:4354:14:wwd_wifi_radio_resource_management_beacon_req	8	static
wwd_wifi.c:4379:14:wwd_wifi_radio_resource_management_channel_load_req	8	static
wwd_wifi.c:4404:14:wwd_wifi_radio_resource_management_noise_req	8	static
wwd_wifi.c:4430:14:wwd_wifi_radio_resource_management_frame_req	8	static
wwd_wifi.c:4456:14:wwd_wifi_radio_resource_management_stat_req	8	static
wwd_wifi.c:4473:14:wwd_wifi_get_cap	32	static
wwd_wifi.c:4504:14:wwd_wifi_radio_resource_management_neighbor_list	8	static
wwd_wifi.c:4529:14:wwd_wifi_radio_resource_management_neighbor_del_neighbor	8	static
wwd_wifi.c:4556:14:wwd_wifi_radio_resource_management_neighbor_add_neighbor	8	static
wwd_wifi.c:4581:14:wwd_wifi_radio_resource_management_link_management_req	8	static
wwd_wifi.c:4606:14:wwd_wifi_radio_resource_management_neighbor_req	24	static
wwd_wifi.c:4651:14:wwd_wifi_fast_bss_transition_over_distribution_system	8	static
wwd_wifi.c:4687:14:wwd_wifi_fast_bss_transition_capabilities	8	static
wwd_wifi.c:4710:6:print_scan_result	0	static
wwd_wifi.c:4791:14:wwd_wifi_get_supplicant_eapol_key_timeout	0	static
wwd_wifi.c:4798:14:wwd_wifi_set_supplicant_eapol_key_timeout	24	static
wwd_wifi.c:969:21:wwd_wifi_active_join_init	64	static
wwd_wifi.c:1022:14:wwd_wifi_join	56	static
wwd_wifi.c:1101:14:wwd_wifi_join_specific	56	static
wwd_wifi.c:4011:14:wwd_wifi_test_credentials	40	static
wwd_wifi.c:4901:8:strnlen	0	static
wwd_wifi.c:4916:22:wwd_channel_to_wl_band	0	static
wwd_wifi.c:4921:14:wwd_wifi_get_wifi_version	16	static
wwd_wifi.c:4934:14:wwd_wifi_get_wifi_memuse	4	static
wwd_wifi.c:4940:14:wwd_wifi_get_clm_version	16	static
wwd_wifi.c:4965:14:wwd_wifi_get_revision_info	0	static
wwd_wifi.c:4978:14:wwd_wifi_enable_minimum_power_consumption	0	static
wwd_wifi.c:4983:14:wwd_wifi_disable_minimum_power_consumption	0	static
wwd_wifi.c:5039:14:wwd_wifi_sta_is_only_connected	8	static
wwd_wifi.c:5099:14:wwd_wifi_otp_write_bit	16	static
wwd_wifi.c:5107:14:wwd_wifi_otp_write_word	16	static
wwd_wifi.c:5115:14:wwd_reset_statistics_counters	16	static
wwd_wifi.c:5121:14:wwd_phyrate_log	0	static
wwd_wifi.c:5126:14:wwd_get_phyrate_statistics_counters	16	static
wwd_wifi.c:5156:14:wwd_get_phyrate_log_size	0	static
wwd_wifi.c:5161:14:wwd_get_phyrate_log	0	static
wwd_wifi.c:5166:14:wwd_get_counters	0	static
wwd_wifi.c:5184:14:wwd_wifi_rrm_request	24	static
wwd_wifi.c:5307:14:wwd_wifi_pno_add_network	16	static
wwd_wifi.c:5317:14:wwd_wifi_pno_start	40	static
wwd_wifi.c:331:14:wwd_wifi_scan	48	static
wwd_wifi.c:5353:14:wwd_wifi_pno_stop	0	static
wwd_wifi.c:5360:14:wwd_wifi_pno_clear	8	static
wwd_wifi.c:5431:14:wwd_xtlv_batch_cmd_buffer	32	static
wwd_wifi.c:5453:14:wwd_pack_xtlv	16	static
wwd_wifi.c:5394:21:wwd_nan_config	32	static
wwd_wifi.c:5387:14:wwd_nan_config_enable	0	static
wwd_wifi.c:5423:14:wwd_nan_config_disable	0	static
wwd_wifi.c:5659:14:wwd_xtlv_get_set_data	48	static
wwd_wifi.c:5466:14:wwd_nan_config_device_state	0	static
wwd_wifi.c:5472:14:wwd_nan_config_hop_count	0	static
wwd_wifi.c:5478:14:wwd_nan_config_hop_limit	0	static
wwd_wifi.c:5485:14:wwd_nan_config_warmup_time	0	static
wwd_wifi.c:5492:14:wwd_nan_config_rssi_threshold	0	static
wwd_wifi.c:5498:14:wwd_nan_config_get_status	0	static
wwd_wifi.c:5503:14:wwd_nan_config_oui	0	static
wwd_wifi.c:5509:14:wwd_nan_config_get_count	0	static
wwd_wifi.c:5514:14:wwd_nan_config_clear_counters	0	static
wwd_wifi.c:5519:14:wwd_nan_config_set_chanspec	0	static
wwd_wifi.c:5524:14:wwd_nan_config_band	16	static
wwd_wifi.c:5529:14:wwd_nan_config_cluster_id	0	static
wwd_wifi.c:5535:14:wwd_nan_config_interface_address	0	static
wwd_wifi.c:5541:14:wwd_nan_config_discovery_beacon_interval	0	static
wwd_wifi.c:5549:14:wwd_nan_config_service_discovery_frame_tx_time	0	static
wwd_wifi.c:5556:14:wwd_nan_config_stop_beacon_transmit	0	static
wwd_wifi.c:5563:14:wwd_nan_config_service_id_beacon	0	static
wwd_wifi.c:5570:14:wwd_nan_config_discover_window_length	0	static
wwd_wifi.c:5577:14:wwd_nan_election_host_enable	0	static
wwd_wifi.c:5584:14:wwd_nan_election_metric_config	0	static
wwd_wifi.c:5589:14:wwd_nan_election_metric_state_get	0	static
wwd_wifi.c:5594:14:wwd_nan_election_join	0	static
wwd_wifi.c:5599:14:wwd_nan_election_merge	0	static
wwd_wifi.c:5604:14:wwd_nan_election_stop	0	static
wwd_wifi.c:5609:14:wwd_nan_sync_timeslot_reserve	0	static
wwd_wifi.c:5614:14:wwd_nan_sync_timeslot_release	0	static
wwd_wifi.c:5619:14:wwd_nan_sd_publish	0	static
wwd_wifi.c:5626:14:wwd_nan_sd_publish_list	0	static
wwd_wifi.c:5631:14:wwd_nan_sd_cancel_publish	16	static
wwd_wifi.c:5636:14:wwd_nan_sd_subscribe	0	static
wwd_wifi.c:5644:14:wwd_nan_sd_subscribe_list	0	static
wwd_wifi.c:5649:14:wwd_nan_sd_cancel_subscribe	16	static
wwd_wifi.c:5654:14:wwd_nan_sd_transmit	0	static
wwd_wifi.c:5705:14:wwd_unpack_xtlv	16	static
wwd_wifi.c:5735:14:print_hex_bytes	0	static
wwd_wifi.c:5757:14:wwd_wifi_set_flags	8	static
wwd_wifi.c:5766:14:wwd_wifi_get_flags	0	static
wwd_wifi.c:5774:14:wwd_wifi_is_mesh_enabled	0	static
wwd_wifi.c:5784:14:wwd_wifi_is_mesh_mcast_rebroadcast_enabled	0	static
wwd_wifi.c:5794:14:wwd_set_mesh_channel	24	static
wwd_wifi.c:5824:14:wwd_set_mesh_auto_peer	24	static
wwd_wifi.c:5846:14:wwd_set_mesh_mcast_rebroadcast	24	static
wwd_wifi.c:5868:14:wwd_join_mesh	40	static
wwd_wifi.c:5934:14:wwd_mesh_filter	24	static
wwd_wifi.c:5955:14:wwd_mesh_status	24	static
wwd_wifi.c:5985:14:wwd_wifi_get_ccode	16	static
wwd_wifi.c:5997:14:wwd_wifi_set_bandwidth	0	static
wwd_wifi.c:6003:10:wwd_wifi_get_bandwidth	0	static
wwd_wifi.c:6008:14:wwd_wifi_set_ccode	24	static
wwd_wifi.c:6053:14:wwd_wifi_interface_up	16	static
