lpuart_adapter.c:166:13:HAL_UartInterruptHandle	24	static
lpuart_adapter.c:226:19:HAL_UartInit	48	static
lpuart_adapter.c:310:19:HAL_UartDeinit	8	static
lpuart_adapter.c:331:19:HAL_UartReceiveBlocking	8	static
lpuart_adapter.c:353:19:HAL_UartSendBlocking	8	static
lpuart_adapter.c:374:19:HAL_UartEnterLowpower	8	static
lpuart_adapter.c:381:19:HAL_UartExitLowpower	0	static
lpuart_adapter.c:507:19:HAL_UartInstallCallback	8	static
lpuart_adapter.c:524:19:HAL_UartReceiveNonBlocking	16	static
lpuart_adapter.c:547:19:HAL_UartSendNonBlocking	16	static
lpuart_adapter.c:568:19:HAL_UartGetReceiveCount	8	static
lpuart_adapter.c:585:19:HAL_UartGetSendCount	8	static
lpuart_adapter.c:602:19:HAL_UartAbortReceive	8	static
lpuart_adapter.c:621:19:HAL_UartAbortSend	8	static
lpuart_adapter.c:675:6:HAL_UartIsrFunction	8	static
lpuart_adapter.c:822:6:LPUART1_IRQHandler	8	static
lpuart_adapter.c:844:6:LPUART2_IRQHandler	8	static
lpuart_adapter.c:865:6:LPUART3_IRQHandler	8	static
lpuart_adapter.c:886:6:LPUART4_IRQHandler	8	static
lpuart_adapter.c:907:6:LPUART5_IRQHandler	8	static
lpuart_adapter.c:928:6:LPUART6_IRQHandler	8	static
lpuart_adapter.c:949:6:LPUART7_IRQHandler	8	static
lpuart_adapter.c:970:6:LPUART8_IRQHandler	8	static
