fsl_sdmmc_host.c:98:13:SDMMCHOST_CardInterrupt	0	static
fsl_sdmmc_host.c:79:13:SDMMCHOST_DetectCardRemoveByHost	8	static
fsl_sdmmc_host.c:60:13:SDMMCHOST_DetectCardInsertByHost	8	static
fsl_sdmmc_host.c:240:13:SDMMCHOST_TransferCompleteCallback	0	static
fsl_sdmmc_host.c:113:10:SDMMCHOST_CardIntInit	4	static
fsl_sdmmc_host.c:122:10:SDMMCHOST_CardDetectInit	16	static
fsl_sdmmc_host.c:170:10:SDMMCHOST_CardDetectStatus	0	static
fsl_sdmmc_host.c:180:10:SDMMCHOST_PollingCardDetectStatus	32	static
fsl_sdmmc_host.c:227:10:SDMMCHOST_WaitCardDetectStatus	8	static
fsl_sdmmc_host.c:267:10:SDMMCHOST_TransferFunction	48	static
fsl_sdmmc_host.c:349:6:SDMMCHOST_SetCardPower	0	static
fsl_sdmmc_host.c:354:6:SDMMCHOST_PowerOffCard	8	static
fsl_sdmmc_host.c:363:6:SDMMCHOST_PowerOnCard	8	static
fsl_sdmmc_host.c:378:10:SDMMCHOST_Init	40	static
fsl_sdmmc_host.c:409:6:SDMMCHOST_Reset	16	static
fsl_sdmmc_host.c:435:6:SDMMCHOST_SetCardBusWidth	0	static
fsl_sdmmc_host.c:443:6:SDMMCHOST_Deinit	8	static
fsl_sdmmc_host.c:451:6:SDMMCHOST_SwitchToVoltage	0	static
fsl_sdmmc_host.c:464:10:SDMMCHOST_ExecuteStdTuning	88	static
fsl_sdmmc_host.c:529:10:SDMMCHOST_ReceiveTuningBlock	64	static
fsl_sdmmc_host.c:581:10:SDMMC_CheckTuningResult	12	static
fsl_sdmmc_host.c:605:10:SDMMCHOST_ExecuteManualTuning	56	static
fsl_sdmmc_host.c:678:10:SDMMCHOST_ExecuteTuning	4	static
fsl_sdmmc_host.c:689:10:SDMMCHOST_StartBoot	64	static
fsl_sdmmc_host.c:716:10:SDMMCHOST_ReadBootData	96	static
