pdm_to_pcm_task.c:662:6:pdm_to_pcm_mics_off.part.0	8	static
pdm_to_pcm_task.c:134:6:DMA1_DMA17_IRQHandler	0	static
pdm_to_pcm_task.c:159:10:pcm_to_pcm_set_config	8	static
pdm_to_pcm_task.c:189:24:pcm_to_pcm_get_config	0	static
pdm_to_pcm_task.c:194:9:pdm_to_pcm_set_gain	0	static
pdm_to_pcm_task.c:199:6:pdm_to_pcm_stream_formatter	12	static
pdm_to_pcm_task.c:250:6:pdm_to_pcm_set_task_handle	0	static
pdm_to_pcm_task.c:258:6:pdm_to_pcm_set_audio_proces_task_handle	0	static
pdm_to_pcm_task.c:266:14:pdm_to_pcm_get_task_handle	0	static
pdm_to_pcm_task.c:272:20:pdm_to_pcm_get_event_group	0	static
pdm_to_pcm_task.c:277:6:pdm_to_pcm_set_amp_loopback_buffer	0	static
pdm_to_pcm_task.c:285:13:pdm_to_pcm_get_amp_loopback_event	0	static
pdm_to_pcm_task.c:290:13:pdm_to_pcm_get_amp_loopback_error_event	0	static
pdm_to_pcm_task.c:307:10:pdm_to_pcm_get_amp_output	0	static
pdm_to_pcm_task.c:312:10:pdm_to_pcm_get_pcm_output	0	static
pdm_to_pcm_task.c:317:11:pdm_to_pcm_get_mempool	0	static
pdm_to_pcm_task.c:662:6:pdm_to_pcm_mics_off	0	static
pdm_to_pcm_task.c:696:6:pdm_to_pcm_mics_on	16	static
pdm_to_pcm_task.c:405:6:pdm_to_pcm_task	56	static
