sln_amplifier.c:352:13:SLN_AMP_TxCallback	16	static
sln_amplifier.c:439:6:audio_send_task	48	static
sln_amplifier.c:321:13:SLN_AMP_RxCallback	32	static
sln_amplifier.c:146:6:SAI_UserTxIRQHandler	0	static
sln_amplifier.c:161:6:SAI_UserRxIRQHandler	16	static
sln_amplifier.c:411:6:SLN_AMP_SetDefaultAudioData	0	static
sln_amplifier.c:420:20:SLN_AMP_WriteDefault	16	static
sln_amplifier.c:513:20:SLN_AMP_Write	32	static
sln_amplifier.c:579:20:SLN_AMP_WriteLoop	32	static
sln_amplifier.c:652:20:SLN_AMP_WriteNoWait	16	static
sln_amplifier.c:683:20:SLN_AMP_WriteBlocking	56	static
sln_amplifier.c:739:20:SLN_AMP_AbortWrite	8	static
sln_amplifier.c:745:20:SLN_AMP_Read	16	static
sln_amplifier.c:775:20:SLN_AMP_Init	48	static
sln_amplifier.c:826:10:SLN_AMP_GetLoopBackBuffer	0	static
sln_amplifier.c:831:6:SLN_AMP_SetLoopBackEventGroup	0	static
sln_amplifier.c:839:6:SLN_AMP_SetLoopBackEventBits	0	static
sln_amplifier.c:844:6:SLN_AMP_SetLoopBackErrorEventBits	0	static
sln_amplifier.c:871:6:SLN_AMP_SetVolume	0	static
sln_amplifier.c:877:7:SLN_AMP_GetAmpTxHandler	0	static
sln_amplifier.c:882:6:SLN_AMP_Abort	0	static
sln_amplifier.c:888:6:SLN_AMP_LoopbackEnable	24	static
sln_amplifier.c:906:6:SLN_AMP_LoopbackDisable	16	static
