cJSON.c:543:17:parse_hex4	12	static
cJSON.c:966:22:buffer_skip_whitespace	12	static
cJSON.c:461:13:update_offset	8	static
cJSON.c:373:23:ensure	16	static
cJSON.c:1775:15:get_object_item	32	static
cJSON.c:701:19:parse_string.isra.0	48	static
cJSON.c:1847:19:add_item_to_array.part.0	0	static
cJSON.c:202:15:cJSON_New_Item.isra.0	8	static
cJSON.c:830:19:print_string_ptr	32	static
cJSON.c:1270:19:print_value.part.0	72	static
cJSON.c:149:23:cJSON_strdup.isra.0.constprop	24	static
cJSON.c:1898:19:add_item_to_object.part.0.constprop	24	static
cJSON.c:1898:19:add_item_to_object.constprop	4	static
cJSON.c:1826:15:create_reference.constprop	16	static
cJSON.c:1090:23:print.constprop	64	static
cJSON.c:70:28:cJSON_GetErrorPtr	0	static
cJSON.c:75:22:cJSON_GetStringValue	0	static
cJSON.c:88:27:cJSON_Version	16	static
cJSON.c:170:20:cJSON_InitHooks	4	static
cJSON.c:214:20:cJSON_Delete	16	static
cJSON.c:1215:19:parse_value	104	static
cJSON.c:343:22:cJSON_SetNumberHelper	0	static
cJSON.c:1003:23:cJSON_ParseWithOpts	64	static
cJSON.c:1083:23:cJSON_Parse	0	static
cJSON.c:1155:22:cJSON_Print	0	static
cJSON.c:1160:22:cJSON_PrintUnformatted	0	static
cJSON.c:1165:22:cJSON_PrintBuffered	64	static
cJSON.c:1195:26:cJSON_PrintPreallocated	64	static
cJSON.c:1723:19:cJSON_GetArraySize	0	static
cJSON.c:1765:23:cJSON_GetArrayItem	0	static
cJSON.c:1803:23:cJSON_GetObjectItem	0	static
cJSON.c:1808:23:cJSON_GetObjectItemCaseSensitive	0	static
cJSON.c:1813:26:cJSON_HasObjectItem	8	static
cJSON.c:1877:20:cJSON_AddItemToArray	0	static
cJSON.c:1935:20:cJSON_AddItemToObject	0	static
cJSON.c:1941:20:cJSON_AddItemToObjectCS	0	static
cJSON.c:1946:20:cJSON_AddItemReferenceToArray	8	static
cJSON.c:1956:20:cJSON_AddItemReferenceToObject	16	static
cJSON.c:1966:22:cJSON_AddNullToObject	16	static
cJSON.c:1978:22:cJSON_AddTrueToObject	16	static
cJSON.c:1990:22:cJSON_AddFalseToObject	16	static
cJSON.c:2002:22:cJSON_AddBoolToObject	24	static
cJSON.c:2050:22:cJSON_AddObjectToObject	16	static
cJSON.c:2062:22:cJSON_AddArrayToObject	16	static
cJSON.c:2074:23:cJSON_DetachItemViaPointer	0	static
cJSON.c:2104:23:cJSON_DetachItemFromArray	4	static
cJSON.c:2114:20:cJSON_DeleteItemFromArray	8	static
cJSON.c:2119:23:cJSON_DetachItemFromObject	8	static
cJSON.c:2126:23:cJSON_DetachItemFromObjectCaseSensitive	8	static
cJSON.c:2133:20:cJSON_DeleteItemFromObject	8	static
cJSON.c:2138:20:cJSON_DeleteItemFromObjectCaseSensitive	8	static
cJSON.c:2144:20:cJSON_InsertItemInArray	4	static
cJSON.c:2173:26:cJSON_ReplaceItemViaPointer	8	static
cJSON.c:2218:19:replace_item_in_object.part.0	24	static
cJSON.c:2208:20:cJSON_ReplaceItemInArray	0	static
cJSON.c:2238:20:cJSON_ReplaceItemInObject	4	static
cJSON.c:2243:20:cJSON_ReplaceItemInObjectCaseSensitive	0	static
cJSON.c:2249:23:cJSON_CreateNull	8	static
cJSON.c:2260:23:cJSON_CreateTrue	8	static
cJSON.c:2271:23:cJSON_CreateFalse	8	static
cJSON.c:2282:23:cJSON_CreateBool	8	static
cJSON.c:2293:23:cJSON_CreateNumber	16	static
cJSON.c:2014:22:cJSON_AddNumberToObject	16	static
cJSON.c:2319:23:cJSON_CreateString	16	static
cJSON.c:2026:22:cJSON_AddStringToObject	16	static
cJSON.c:2336:23:cJSON_CreateStringReference	8	static
cJSON.c:2348:23:cJSON_CreateObjectReference	8	static
cJSON.c:2359:23:cJSON_CreateArrayReference	8	static
cJSON.c:2369:23:cJSON_CreateRaw	16	static
cJSON.c:2038:22:cJSON_AddRawToObject	16	static
cJSON.c:2386:23:cJSON_CreateArray	8	static
cJSON.c:2397:23:cJSON_CreateObject	8	static
cJSON.c:2409:23:cJSON_CreateIntArray	32	static
cJSON.c:2444:23:cJSON_CreateFloatArray	32	static
cJSON.c:2480:23:cJSON_CreateDoubleArray	24	static
cJSON.c:2516:23:cJSON_CreateStringArray	32	static
cJSON.c:2553:23:cJSON_Duplicate	16	static
cJSON.c:2632:20:cJSON_Minify	4	static
cJSON.c:2702:26:cJSON_IsInvalid	0	static
cJSON.c:2712:26:cJSON_IsFalse	0	static
cJSON.c:2722:26:cJSON_IsTrue	0	static
cJSON.c:2733:26:cJSON_IsBool	0	static
cJSON.c:2742:26:cJSON_IsNull	0	static
cJSON.c:2752:26:cJSON_IsNumber	0	static
cJSON.c:2762:26:cJSON_IsString	0	static
cJSON.c:2772:26:cJSON_IsArray	0	static
cJSON.c:2782:26:cJSON_IsObject	0	static
cJSON.c:2792:26:cJSON_IsRaw	0	static
cJSON.c:2802:26:cJSON_Compare	24	static
cJSON.c:2927:22:cJSON_malloc	0	static
cJSON.c:2932:20:cJSON_free	0	static
