cJSON_Utils.c:56:23:cJSONUtils_strdup	24	static
cJSON_Utils.c:759:13:overwrite_item	8	static
cJSON_Utils.c:705:15:get_object_item	0	static
cJSON_Utils.c:339:13:decode_pointer_inplace.part.0	4	static
cJSON_Utils.c:73:12:compare_strings	24	static
cJSON_Utils.c:460:15:sort_list	24	static
cJSON_Utils.c:570:13:sort_object.part.0	8	static
cJSON_Utils.c:579:19:compare_json	16	static
cJSON_Utils.c:1069:13:compose_patch.part.0	32	static
cJSON_Utils.c:1294:15:merge_patch	16	static
cJSON_Utils.c:1363:15:generate_merge_patch	32	static
cJSON_Utils.c:254:19:decode_array_index_from_pointer.constprop	0	static
cJSON_Utils.c:281:15:get_item_from_pointer.part.0	48	static
cJSON_Utils.c:406:15:detach_path	32	static
cJSON_Utils.c:782:12:apply_patch	72	static
cJSON_Utils.c:1114:13:create_patches.part.0	56	static
cJSON_Utils.c:179:22:cJSONUtils_FindPointerFromObjectTo	24	static
cJSON_Utils.c:328:23:cJSONUtils_GetPointer	0	static
cJSON_Utils.c:333:23:cJSONUtils_GetPointerCaseSensitive	0	static
cJSON_Utils.c:1011:19:cJSONUtils_ApplyPatches	16	static
cJSON_Utils.c:1040:19:cJSONUtils_ApplyPatchesCaseSensitive	16	static
cJSON_Utils.c:1109:20:cJSONUtils_AddPatchToArray	24	static
cJSON_Utils.c:1254:23:cJSONUtils_GeneratePatches	24	static
cJSON_Utils.c:1269:23:cJSONUtils_GeneratePatchesCaseSensitive	24	static
cJSON_Utils.c:1284:20:cJSONUtils_SortObject	0	static
cJSON_Utils.c:1289:20:cJSONUtils_SortObjectCaseSensitive	0	static
cJSON_Utils.c:1353:23:cJSONUtils_MergePatch	0	static
cJSON_Utils.c:1358:23:cJSONUtils_MergePatchCaseSensitive	0	static
cJSON_Utils.c:1441:23:cJSONUtils_GenerateMergePatch	0	static
cJSON_Utils.c:1446:23:cJSONUtils_GenerateMergePatchCaseSensitive	0	static
