fsl_sdio.c:232:17:SDIO_SendOperationCondition	72	static
fsl_sdio.c:225:10:SDIO_CardInActive	8	static
fsl_sdio.c:293:10:SDIO_IO_Write_Direct	72	static
fsl_sdio.c:324:10:SDIO_IO_Read_Direct	72	static
fsl_sdio.c:353:10:SDIO_IO_RW_Direct	72	static
fsl_sdio.c:405:10:SDIO_IO_Write_Extended	96	static
fsl_sdio.c:486:10:SDIO_IO_Read_Extended	96	static
fsl_sdio.c:570:10:SDIO_IO_Transfer	104	static
fsl_sdio.c:672:10:SDIO_GetCardCapability	48	static
fsl_sdio.c:773:10:SDIO_SetBlockSize	40	static
fsl_sdio.c:824:10:SDIO_CardReset	16	static
fsl_sdio.c:829:10:SDIO_SetDataBusWidth	32	static
fsl_sdio.c:909:10:SDIO_SwitchToHighSpeed	40	static
fsl_sdio.c:1108:10:SDIO_SetDriverStrength	32	static
fsl_sdio.c:1140:10:SDIO_EnableAsyncInterrupt	40	static
fsl_sdio.c:1264:10:SDIO_ReadCIS	328	static
fsl_sdio.c:1519:6:SDIO_CardDeinit	24	static
fsl_sdio.c:1527:10:SDIO_HostInit	8	static
fsl_sdio.c:1552:6:SDIO_HostDeinit	8	static
fsl_sdio.c:1562:6:SDIO_HostReset	0	static
fsl_sdio.c:1567:6:SDIO_HostDoReset	0	static
fsl_sdio.c:1572:10:SDIO_WaitCardDetectStatus	0	static
fsl_sdio.c:1577:10:SDIO_PollingCardInsert	16	static
fsl_sdio.c:1622:6:SDIO_IsCardPresent	8	static
fsl_sdio.c:1651:6:SDIO_PowerOnCard	0	static
fsl_sdio.c:1656:6:SDIO_PowerOffCard	0	static
fsl_sdio.c:1661:6:SDIO_SetCardPower	8	static
fsl_sdio.c:1457:10:SDIO_CardInit	96	static
fsl_sdio.c:1677:10:SDIO_Init	8	static
fsl_sdio.c:1707:6:SDIO_Deinit	8	static
fsl_sdio.c:1715:10:SDIO_EnableIOInterrupt	40	static
fsl_sdio.c:1766:10:SDIO_GetPendingInterrupt	16	static
fsl_sdio.c:1781:10:SDIO_EnableIO	48	static
fsl_sdio.c:1851:10:SDIO_SelectIO	24	static
fsl_sdio.c:1868:10:SDIO_AbortIO	24	static
fsl_sdio.c:1885:6:SDIO_SetIOIRQHandler	8	static
fsl_sdio.c:1894:10:SDIO_HandlePendingIOInterrupt	24	static
