bignum.c:1259:13:mpi_sub_hlp	20	static
bignum.c:1444:6:mpi_mul_hlp	16	static
bignum.c:801:13:mpi_bigendian_to_host.part.0	16	static
bignum.c:120:5:mbedtls_mpi_grow.part.0	16	static
bignum.c:1833:5:mbedtls_mpi_mod_int.part.0	16	static
bignum.c:89:6:mbedtls_mpi_init	0	static
bignum.c:101:6:mbedtls_mpi_free	8	static
bignum.c:120:5:mbedtls_mpi_grow	4	static
bignum.c:151:5:mbedtls_mpi_shrink	24	static
bignum.c:192:5:mbedtls_mpi_copy	24	static
bignum.c:234:6:mbedtls_mpi_swap	32	static
bignum.c:250:5:mbedtls_mpi_safe_cond_assign	24	static
bignum.c:280:5:mbedtls_mpi_safe_cond_swap	24	static
bignum.c:316:5:mbedtls_mpi_lset	16	static
bignum.c:335:5:mbedtls_mpi_get_bit	0	static
bignum.c:352:5:mbedtls_mpi_set_bit	32	static
bignum.c:381:8:mbedtls_mpi_lsb	12	static
bignum.c:415:8:mbedtls_mpi_bitlen	0	static
bignum.c:434:8:mbedtls_mpi_size	8	static
bignum.c:833:5:mbedtls_mpi_read_binary	24	static
bignum.c:870:5:mbedtls_mpi_write_binary	24	static
bignum.c:916:5:mbedtls_mpi_shift_l	24	static
bignum.c:967:5:mbedtls_mpi_shift_r	16	static
bignum.c:1011:5:mbedtls_mpi_cmp_abs	8	static
bignum.c:1909:12:mpi_montmul.isra.0	56	static
bignum.c:1043:5:mbedtls_mpi_cmp_mpi	16	static
bignum.c:1113:5:mbedtls_mpi_lt_mpi_ct	32	static
bignum.c:1179:5:mbedtls_mpi_cmp_int	24	static
bignum.c:1199:5:mbedtls_mpi_add_abs	24	static
bignum.c:1283:5:mbedtls_mpi_sub_abs	40	static
bignum.c:1330:5:mbedtls_mpi_add_mpi	24	static
bignum.c:1365:5:mbedtls_mpi_sub_mpi	24	static
bignum.c:1400:5:mbedtls_mpi_add_int	24	static
bignum.c:1418:5:mbedtls_mpi_sub_int	24	static
bignum.c:1511:5:mbedtls_mpi_mul_mpi	64	static
bignum.c:459:5:mbedtls_mpi_read_string	80	static
bignum.c:1552:5:mbedtls_mpi_mul_int	24	static
bignum.c:1666:5:mbedtls_mpi_div_mpi	176	static
bignum.c:1784:5:mbedtls_mpi_div_int	32	static
bignum.c:1806:5:mbedtls_mpi_mod_mpi	40	static
bignum.c:1833:5:mbedtls_mpi_mod_int	8	static
bignum.c:572:5:mbedtls_mpi_write_string	88	static
bignum.c:2420:12:mpi_check_small_factors.part.0	48	static
bignum.c:1970:5:mbedtls_mpi_exp_mod	192	static
bignum.c:2191:5:mbedtls_mpi_gcd	88	static
bignum.c:2252:5:mbedtls_mpi_fill_random	32	static
bignum.c:2447:12:mpi_miller_rabin	152	static
bignum.c:2288:5:mbedtls_mpi_inv_mod	184	static
bignum.c:2540:5:mbedtls_mpi_is_prime_ext	64	static
bignum.c:2580:5:mbedtls_mpi_is_prime	4	static
bignum.c:2604:5:mbedtls_mpi_gen_prime	88	static
bignum.c:2740:5:mbedtls_mpi_self_test	160	static
