cipher.c:589:13:add_pkcs_padding	8	static
cipher.c:599:12:get_pkcs_padding	16	static
cipher.c:629:13:add_one_and_zeros_padding	8	static
cipher.c:668:13:add_zeros_and_len_padding	12	static
cipher.c:679:12:get_zeros_and_len_padding	12	static
cipher.c:708:13:add_zeros_padding	0	static
cipher.c:744:12:get_no_padding	0	static
cipher.c:640:12:get_one_and_zeros_padding	16	static
cipher.c:717:12:get_zeros_padding	16	static
cipher.c:95:12:mbedtls_cipher_list	0	static
cipher.c:116:30:mbedtls_cipher_info_from_type	0	static
cipher.c:127:30:mbedtls_cipher_info_from_string	16	static
cipher.c:141:30:mbedtls_cipher_info_from_values	8	static
cipher.c:156:6:mbedtls_cipher_init	0	static
cipher.c:162:6:mbedtls_cipher_free	8	static
cipher.c:182:5:mbedtls_cipher_setup	16	static
cipher.c:209:5:mbedtls_cipher_setkey	8	static
cipher.c:249:5:mbedtls_cipher_set_iv	16	static
cipher.c:296:5:mbedtls_cipher_reset	0	static
cipher.c:308:5:mbedtls_cipher_update_ad	16	static
cipher.c:349:5:mbedtls_cipher_update	64	static
cipher.c:756:5:mbedtls_cipher_finish	32	static
cipher.c:847:5:mbedtls_cipher_set_padding_mode	0	static
cipher.c:897:5:mbedtls_cipher_write_tag	4	static
cipher.c:929:5:mbedtls_cipher_check_tag	32	static
cipher.c:994:5:mbedtls_cipher_crypt	32	static
cipher.c:1029:5:mbedtls_cipher_auth_encrypt	28	static
cipher.c:1084:5:mbedtls_cipher_auth_decrypt	40	static
