ctr_drbg.c:653:12:ctr_drbg_self_test_entropy	16	static
ctr_drbg.c:92:12:block_cipher_df	800	static
ctr_drbg.c:217:12:ctr_drbg_update_internal	64	static
ctr_drbg.c:65:6:mbedtls_ctr_drbg_free.part.0	8	static
ctr_drbg.c:272:5:mbedtls_ctr_drbg_update_ret.part.0	48	static
ctr_drbg.c:56:6:mbedtls_ctr_drbg_init	0	static
ctr_drbg.c:65:6:mbedtls_ctr_drbg_free	0	static
ctr_drbg.c:77:6:mbedtls_ctr_drbg_set_prediction_resistance	0	static
ctr_drbg.c:82:6:mbedtls_ctr_drbg_set_entropy_len	0	static
ctr_drbg.c:87:6:mbedtls_ctr_drbg_set_reseed_interval	0	static
ctr_drbg.c:272:5:mbedtls_ctr_drbg_update_ret	0	static
ctr_drbg.c:293:6:mbedtls_ctr_drbg_update	0	static
ctr_drbg.c:317:5:mbedtls_ctr_drbg_reseed	408	static
ctr_drbg.c:379:5:mbedtls_ctr_drbg_seed	40	static
ctr_drbg.c:415:5:mbedtls_ctr_drbg_seed_entropy_len	4	static
ctr_drbg.c:444:5:mbedtls_ctr_drbg_random_with_add	88	static
ctr_drbg.c:518:5:mbedtls_ctr_drbg_random	16	static
ctr_drbg.c:672:5:mbedtls_ctr_drbg_self_test	368	static
