ecp.c:1231:12:ecp_safe_invert_jac	32	static
ecp.c:1002:12:ecp_modp	16	static
ecp.c:2204:12:ecp_randomize_mxz	56	static
ecp.c:1455:12:ecp_randomize_jac	64	static
ecp.c:1087:12:ecp_normalize_jac	48	static
ecp.c:1268:12:ecp_double_jac	80	static
ecp.c:1140:12:ecp_normalize_jac_many	0	static
ecp.c:587:6:mbedtls_ecp_point_free.part.0	8	static
ecp.c:1768:12:ecp_select_comb.constprop	40	static
ecp.c:434:31:mbedtls_ecp_curve_list	0	static
ecp.c:442:29:mbedtls_ecp_grp_id_list	12	static
ecp.c:468:31:mbedtls_ecp_curve_info_from_grp_id	0	static
ecp.c:486:31:mbedtls_ecp_curve_info_from_tls_id	0	static
ecp.c:504:31:mbedtls_ecp_curve_info_from_name	16	static
ecp.c:539:6:mbedtls_ecp_point_init	8	static
ecp.c:551:6:mbedtls_ecp_group_init	16	static
ecp.c:575:6:mbedtls_ecp_keypair_init	8	static
ecp.c:587:6:mbedtls_ecp_point_free	0	static
ecp.c:600:6:mbedtls_ecp_group_free	16	static
ecp.c:629:6:mbedtls_ecp_keypair_free	8	static
ecp.c:642:5:mbedtls_ecp_copy	16	static
ecp.c:659:5:mbedtls_ecp_group_copy	0	static
ecp.c:670:5:mbedtls_ecp_set_zero	8	static
ecp.c:1366:12:ecp_add_mixed	128	static
ecp.c:686:5:mbedtls_ecp_is_zero	8	static
ecp.c:696:5:mbedtls_ecp_point_cmp	16	static
ecp.c:715:5:mbedtls_ecp_point_read_string	16	static
ecp.c:734:5:mbedtls_ecp_point_write_binary	32	static
ecp.c:793:5:mbedtls_ecp_point_read_binary	24	static
ecp.c:836:5:mbedtls_ecp_tls_read_point	12	static
ecp.c:872:5:mbedtls_ecp_tls_write_point	32	static
ecp.c:925:5:mbedtls_ecp_tls_read_group_id	8	static
ecp.c:906:5:mbedtls_ecp_tls_read_group	16	static
ecp.c:964:5:mbedtls_ecp_tls_write_group	8	static
ecp.c:2690:5:mbedtls_ecp_check_pubkey	48	static
ecp.c:2714:5:mbedtls_ecp_check_privkey	16	static
ecp.c:2387:5:mbedtls_ecp_mul_restartable	424	static
ecp.c:2453:5:mbedtls_ecp_mul	32	static
ecp.c:2518:12:mbedtls_ecp_mul_shortcuts	40	static
ecp.c:2557:5:mbedtls_ecp_muladd_restartable.part.0	80	static
ecp.c:2557:5:mbedtls_ecp_muladd_restartable	8	static
ecp.c:2658:5:mbedtls_ecp_muladd	32	static
ecp.c:2754:5:mbedtls_ecp_gen_privkey	56	static
ecp.c:2844:5:mbedtls_ecp_gen_keypair_base	48	static
ecp.c:2867:5:mbedtls_ecp_gen_keypair	24	static
ecp.c:2883:5:mbedtls_ecp_gen_key	24	static
ecp.c:2899:5:mbedtls_ecp_check_pub_priv	208	static
ecp.c:2945:5:mbedtls_ecp_self_test	312	static
