ssl_tls.c:6223:13:ssl_calc_finished_tls_sha256	336	static
ssl_tls.c:1197:6:ssl_calc_verify_tls_sha256	272	static
ssl_tls.c:493:12:tls_prf_generic	256	static
ssl_tls.c:557:12:tls_prf_sha256	40	static
ssl_tls.c:568:12:tls_prf_sha384	40	static
ssl_tls.c:6272:13:ssl_calc_finished_tls_sha384	312	static
ssl_tls.c:1218:6:ssl_calc_verify_tls_sha384	232	static
ssl_tls.c:7249:12:ssl_append_key_cert	16	static
ssl_tls.c:6061:13:ssl_update_checksum_sha256	0	static
ssl_tls.c:6069:13:ssl_update_checksum_sha384	0	static
ssl_tls.c:6031:13:ssl_update_checksum_start	16	static
ssl_tls.c:8760:6:mbedtls_ssl_transform_free.part.0	8	static
ssl_tls.c:610:5:mbedtls_ssl_derive_keys	392	static
ssl_tls.c:2529:5:mbedtls_ssl_fetch_input	24	static
ssl_tls.c:2748:5:mbedtls_ssl_flush_output	16	static
ssl_tls.c:3345:5:mbedtls_ssl_write_record	152	static
ssl_tls.c:3186:5:mbedtls_ssl_write_handshake_msg	32	static
ssl_tls.c:3621:5:mbedtls_ssl_prepare_handshake_record	8	static
ssl_tls.c:3713:6:mbedtls_ssl_update_handshake_status	4	static
ssl_tls.c:5123:5:mbedtls_ssl_handle_message_type	4	static
ssl_tls.c:5255:5:mbedtls_ssl_send_alert_message	12	static
ssl_tls.c:5241:5:mbedtls_ssl_send_fatal_handshake_failure	0	static
ssl_tls.c:4320:5:mbedtls_ssl_read_record	160	static
ssl_tls.c:5336:5:mbedtls_ssl_write_certificate	24	static
ssl_tls.c:5889:5:mbedtls_ssl_write_change_cipher_spec	4	static
ssl_tls.c:5912:5:mbedtls_ssl_parse_change_cipher_spec	16	static
ssl_tls.c:5985:6:mbedtls_ssl_optimize_checksum	0	static
ssl_tls.c:6014:6:mbedtls_ssl_reset_checksum	8	static
ssl_tls.c:6408:5:mbedtls_ssl_write_finished	16	static
ssl_tls.c:6532:5:mbedtls_ssl_parse_finished	40	static
ssl_tls.c:6674:6:mbedtls_ssl_session_init	0	static
ssl_tls.c:6852:6:mbedtls_ssl_init	0	static
ssl_tls.c:7077:6:mbedtls_ssl_conf_endpoint	0	static
ssl_tls.c:7082:6:mbedtls_ssl_conf_transport	0	static
ssl_tls.c:7117:6:mbedtls_ssl_conf_authmode	0	static
ssl_tls.c:7123:6:mbedtls_ssl_conf_verify	0	static
ssl_tls.c:7132:6:mbedtls_ssl_conf_rng	0	static
ssl_tls.c:7140:6:mbedtls_ssl_conf_dbg	0	static
ssl_tls.c:7148:6:mbedtls_ssl_set_bio	4	static
ssl_tls.c:7167:6:mbedtls_ssl_conf_read_timeout	0	static
ssl_tls.c:7172:6:mbedtls_ssl_set_timer_cb	8	static
ssl_tls.c:7219:6:mbedtls_ssl_conf_ciphersuites	0	static
ssl_tls.c:7228:6:mbedtls_ssl_conf_ciphersuites_for_version	0	static
ssl_tls.c:7242:6:mbedtls_ssl_conf_cert_profile	0	static
ssl_tls.c:7279:5:mbedtls_ssl_conf_own_cert	0	static
ssl_tls.c:7286:6:mbedtls_ssl_conf_ca_chain	0	static
ssl_tls.c:7296:5:mbedtls_ssl_set_hs_own_cert	0	static
ssl_tls.c:7304:6:mbedtls_ssl_set_hs_ca_chain	0	static
ssl_tls.c:7312:6:mbedtls_ssl_set_hs_authmode	0	static
ssl_tls.c:7489:6:mbedtls_ssl_conf_dhm_min_bitlen	0	static
ssl_tls.c:7500:6:mbedtls_ssl_conf_sig_hashes	0	static
ssl_tls.c:7511:6:mbedtls_ssl_conf_curves	0	static
ssl_tls.c:7519:5:mbedtls_ssl_set_hostname	24	static
ssl_tls.c:7565:6:mbedtls_ssl_conf_sni	0	static
ssl_tls.c:7576:5:mbedtls_ssl_conf_alpn_protocols	24	static
ssl_tls.c:7601:13:mbedtls_ssl_get_alpn_protocol	0	static
ssl_tls.c:7607:6:mbedtls_ssl_conf_max_version	0	static
ssl_tls.c:7613:6:mbedtls_ssl_conf_min_version	0	static
ssl_tls.c:7635:6:mbedtls_ssl_conf_encrypt_then_mac	0	static
ssl_tls.c:7642:6:mbedtls_ssl_conf_extended_master_secret	0	static
ssl_tls.c:7656:5:mbedtls_ssl_conf_max_frag_len	0	static
ssl_tls.c:7684:6:mbedtls_ssl_conf_legacy_renegotiation	0	static
ssl_tls.c:7778:8:mbedtls_ssl_get_bytes_avail	0	static
ssl_tls.c:7783:5:mbedtls_ssl_check_pending	0	static
ssl_tls.c:7838:10:mbedtls_ssl_get_verify_result	0	static
ssl_tls.c:7849:13:mbedtls_ssl_get_ciphersuite	0	static
ssl_tls.c:7857:13:mbedtls_ssl_get_version	0	static
ssl_tls.c:7895:5:mbedtls_ssl_get_record_expansion	0	static
ssl_tls.c:7949:8:mbedtls_ssl_get_max_frag_len	0	static
ssl_tls.c:7996:5:mbedtls_ssl_get_max_out_record_payload	8	static
ssl_tls.c:8042:25:mbedtls_ssl_get_peer_cert	0	static
ssl_tls.c:8069:5:mbedtls_ssl_handshake_step	0	static
ssl_tls.c:8091:5:mbedtls_ssl_handshake.part.0	8	static
ssl_tls.c:8091:5:mbedtls_ssl_handshake	0	static
ssl_tls.c:8276:5:mbedtls_ssl_read	16	static
ssl_tls.c:8692:5:mbedtls_ssl_write	16	static
ssl_tls.c:8732:5:mbedtls_ssl_close_notify	0	static
ssl_tls.c:8760:6:mbedtls_ssl_transform_free	0	static
ssl_tls.c:8829:6:mbedtls_ssl_handshake_free	16	static
ssl_tls.c:8920:6:mbedtls_ssl_session_free	8	static
ssl_tls.c:6346:6:mbedtls_ssl_handshake_wrapup	16	static
ssl_tls.c:274:12:ssl_session_copy	16	static
ssl_tls.c:7198:5:mbedtls_ssl_set_session	8	static
ssl_tls.c:8052:5:mbedtls_ssl_get_session	0	static
ssl_tls.c:6679:12:ssl_handshake_init	24	static
ssl_tls.c:6882:5:mbedtls_ssl_setup	16	static
ssl_tls.c:7069:5:mbedtls_ssl_session_reset	24	static
ssl_tls.c:8943:6:mbedtls_ssl_free	16	static
ssl_tls.c:9022:6:mbedtls_ssl_config_init	0	static
ssl_tls.c:9073:5:mbedtls_ssl_config_defaults	16	static
ssl_tls.c:9237:6:mbedtls_ssl_config_free	16	static
ssl_tls.c:9274:15:mbedtls_ssl_sig_from_pk	8	static
ssl_tls.c:9287:15:mbedtls_ssl_sig_from_pk_alg	0	static
ssl_tls.c:9300:19:mbedtls_ssl_pk_alg_from_sig	0	static
ssl_tls.c:9322:19:mbedtls_ssl_sig_hash_set_find	0	static
ssl_tls.c:9337:6:mbedtls_ssl_sig_hash_set_add	0	static
ssl_tls.c:9359:6:mbedtls_ssl_sig_hash_set_const_hash	0	static
ssl_tls.c:9372:19:mbedtls_ssl_md_alg_from_hash	0	static
ssl_tls.c:9404:15:mbedtls_ssl_hash_from_md_alg	0	static
ssl_tls.c:9438:5:mbedtls_ssl_check_curve	0	static
ssl_tls.c:9458:5:mbedtls_ssl_check_sig_hash	0	static
ssl_tls.c:9475:5:mbedtls_ssl_check_cert_usage	16	static
ssl_tls.c:5655:5:mbedtls_ssl_parse_certificate	64	static
ssl_tls.c:9574:6:mbedtls_ssl_write_version	0	static
ssl_tls.c:9596:6:mbedtls_ssl_read_version	0	static
ssl_tls.c:9618:5:mbedtls_ssl_set_calc_verify_md	0	static
ssl_tls.c:9748:5:mbedtls_ssl_get_key_exchange_md_tls1_2	48	static
