core_cm7.h:2156:34:__NVIC_SystemReset	0	static
sln_shell.c:757:23:sln_print_handler	16	static
sln_shell.c:765:23:sln_erase_handler	16	static
sln_shell.c:256:23:sln_reset_handler	16	static
sln_shell.c:865:23:sln_version_handler	16	static
sln_shell.c:773:23:sln_setup_handler	40	static
sln_shell.c:853:23:sln_updateotw_handler	16	static
sln_shell.c:841:23:sln_updateota_handler	16	static
IndexCommands.h:81:8:get_cmd_strings	0	static
IndexCommands.h:139:14:get_cmd_number	0	static
sln_shell.c:873:5:log_shell_printf	280	static
sln_shell.c:264:23:sln_commands_handler	40	static
sln_shell.c:296:23:sln_changeto_handler	24	static
sln_shell.c:501:23:sln_volume_handler	32	static
sln_shell.c:615:23:sln_mute_handler	24	static
sln_shell.c:579:23:sln_timeout_handler	40	static
sln_shell.c:538:23:sln_followup_handler	24	static
sln_shell.c:378:23:sln_multilingual_handler	48	static
sln_shell.c:666:23:sln_ptt_handler	24	static
sln_shell.c:720:23:sln_cmdresults_handler	16	static
sln_shell.c:888:5:sln_shell_init	40	static
sln_shell.c:949:6:sln_shell_task	176	static
sln_shell.c:1052:6:sln_shell_set_app_init_task_handle	0	static
sln_shell.c:1060:6:sln_shell_trace_malloc	16	static
sln_shell.c:1075:6:sln_shell_trace_free	16	static
sln_shell.c:1105:6:APP_GetUniqueID	48	static
