sln_local_voice.c:547:6:print_asr_session.part.0	8	static
sln_local_voice.c:109:9:install_language	24	static
sln_local_voice.c:150:10:install_inference_engine	8	static
sln_local_voice.c:189:6:verify_inference_handler	8	static
sln_local_voice.c:232:6:set_inference_handler	40	static
sln_local_voice.c:258:6:reset_inference_handler	0	static
sln_local_voice.c:267:6:init_WW_engine	16	static
sln_local_voice.c:309:6:init_CMD_engine	16	static
sln_local_voice.c:346:6:set_WW_engine	8	static
sln_local_voice.c:359:6:reset_WW_engine	8	static
sln_local_voice.c:372:6:set_CMD_engine	24	static
sln_local_voice.c:401:6:reset_CMD_engine	0	static
sln_local_voice.c:411:5:asr_process_audio_buffer	12	static
sln_local_voice.c:424:7:asr_get_string_by_id	0	static
sln_local_voice.c:429:8:get_cmd_string	0	static
sln_local_voice.c:489:6:initialize_asr	48	static
sln_local_voice.c:547:6:print_asr_session	8	static
sln_local_voice.c:575:6:local_voice_task	1016	static
