sln_local_voice.c:551:6:print_asr_session.part.0	8	static
sln_local_voice.c:113:9:install_language	24	static
sln_local_voice.c:154:10:install_inference_engine	8	static
sln_local_voice.c:193:6:verify_inference_handler	8	static
sln_local_voice.c:236:6:set_inference_handler	40	static
sln_local_voice.c:262:6:reset_inference_handler	0	static
sln_local_voice.c:271:6:init_WW_engine	16	static
sln_local_voice.c:313:6:init_CMD_engine	16	static
sln_local_voice.c:350:6:set_WW_engine	8	static
sln_local_voice.c:363:6:reset_WW_engine	8	static
sln_local_voice.c:376:6:set_CMD_engine	24	static
sln_local_voice.c:405:6:reset_CMD_engine	0	static
sln_local_voice.c:415:5:asr_process_audio_buffer	12	static
sln_local_voice.c:428:7:asr_get_string_by_id	0	static
sln_local_voice.c:433:8:get_cmd_string	0	static
sln_local_voice.c:493:6:initialize_asr	48	static
sln_local_voice.c:551:6:print_asr_session	8	static
sln_local_voice.c:579:6:local_voice_task	1016	static
