tfa2_container.c:453:5:tfa2_cnt_get_clockdep_idx.part.0	16	static
tfa2_container.c:44:5:tfa2_load_cnt	8	static
tfa2_container.c:95:5:tfa2_cnt_crc_check_container	8	static
tfa2_container.c:150:7:tfa2_cnt_get_string	4	static
tfa2_container.c:219:5:tfa2_cnt_get_app_name	16	static
tfa2_container.c:239:6:tfa2_cnt_show_header	24	static
tfa2_container.c:311:21:tfa2_cnt_get_dev_list	16	static
tfa2_container.c:277:21:tfa2_cnt_device	0	static
tfa2_container.c:187:7:tfa2_cnt_device_name	8	static
tfa2_container.c:259:5:tfa2_cnt_get_slave	8	static
tfa2_container.c:285:18:tfa2_cnt_get_dsc	16	static
tfa2_container.c:108:5:tfa2_cnt_check_revid	8	static
tfa2_container.c:340:22:tfa2_cnt_get_dev_prof_list	24	static
tfa2_container.c:158:5:tfa2_cnt_get_cmd	16	static
tfa2_container.c:201:7:tfa2_cnt_profile_name	8	static
tfa2_container.c:365:5:tfa2_dev_get_dev_nprof	8	static
tfa2_container.c:394:5:tfa2_cnt_get_dev_nprof	16	static
tfa2_container.c:423:5:tfa2_cnt_grep_nth_profile_name	32	static
tfa2_container.c:443:5:tfa2_cnt_grep_profile_name	0	static
tfa2_container.c:453:5:tfa2_cnt_get_clockdep_idx	4	static
tfa2_container.c:593:5:tfa2_cnt_write_patch	16	static
tfa2_container.c:680:5:tfa2_cnt_write_msg	40	static
tfa2_container.c:750:5:tfa2_cnt_write_msg_dsc	4	static
tfa2_container.c:816:5:tfa2_cnt_write_file	16	static
tfa2_container.c:614:12:tfa2_cnt_write_item	40	static
tfa2_container.c:525:5:tfa2_cnt_write_regs_dev	32	static
tfa2_container.c:554:5:tfa2_cnt_write_regs_profile	40	static
tfa2_container.c:727:5:tfa2_cnt_write_patches	24	static
tfa2_container.c:762:12:tfa2_cnt_write_items_list	24	static
tfa2_container.c:784:5:tfa2_cnt_write_files	16	static
tfa2_container.c:798:5:tfa2_cnt_write_files_profile	16	static
tfa2_container.c:863:5:tfa2_cnt_write_profile	80	static
tfa2_container.c:949:5:tfa2_cnt_write_transient_profile	24	static
tfa2_container.c:979:5:tfa2_cnt_get_idx	16	static
