tfa2_haptic.c:17:6:tfa2_haptic_set_version_check	0	static
tfa2_haptic.c:98:5:tfa2_haptic_start_object	312	static
tfa2_haptic.c:172:5:tfa2_haptic_stop	24	static
tfa2_haptic.c:221:5:tfa2_haptic_update_duration	8	static
tfa2_haptic.c:243:29:tfa2_haptic_object_type	0	static
tfa2_haptic.c:256:5:tfa2_haptic_parse_value	4	static
tfa2_haptic.c:276:5:tfa2_haptic_read_r0	16	static
tfa2_haptic.c:281:5:tfa2_haptic_read_f0	16	static
tfa2_haptic.c:286:5:tfa2_haptic_read_sampcnt0	16	static
tfa2_haptic.c:290:5:tfa2_haptic_read_recalc_selector	16	static
tfa2_haptic.c:294:5:tfa2_haptic_write_recalc_selector	24	static
tfa2_haptic.c:299:5:tfa2_haptic_disable_f0_trc	24	static
tfa2_haptic.c:305:5:tfa2_haptic_obj0_set	24	static
tfa2_haptic.c:310:5:tfa2_haptic_obj0_wait_finish	32	static
tfa2_haptic.c:330:5:tfa2_haptic_calibrate_wait	32	static
tfa2_haptic.c:351:5:tfa2_haptic_recalculate_wait	40	static
tfa2_haptic.c:426:12:tfa2_hap_recalc	48	static
tfa2_haptic.c:404:5:tfa2_hap_patch_version	32	static
tfa2_haptic.c:496:5:tfa2_hap_load_data	40	static
tfa2_haptic.c:518:5:tfa2_hap_load_recalc	8	static
tfa2_haptic.c:533:6:tfa2_haptic_obj_get	16	static
tfa2_haptic.c:547:6:tfa2_haptic_obj_get_duration	8	static
tfa2_haptic.c:569:5:tfa2_hap_recalculate	16	static
tfa2_haptic.c:663:5:tfa2_hap_calibrate	72	static
tfa2_haptic.c:823:6:tfa2_hap_sequencer_destroy	8	static
tfa2_haptic.c:913:6:tfa2_hap_save_haptic_cache	16	static
tfa2_haptic.c:921:6:tfa2_hap_test_restore_haptic_cache	32	static
tfa2_haptic.c:974:5:tfa2_hap_cnt_sequencer_count	24	static
tfa2_haptic.c:616:5:tfa2_dev_start_hapticboost	64	static
tfa2_haptic.c:999:5:tfa2_hap_cnt_get_sequencer	56	static
tfa2_haptic.c:181:5:tfa2_haptic_get_duration.part.0	384	static
tfa2_haptic.c:181:5:tfa2_haptic_get_duration	8	static
tfa2_haptic.c:834:5:tfa2_hap_sequencer	56	static
tfa2_haptic.c:888:5:tfa2_hap_get_sequencer_duration	32	static
tfa2_haptic.c:945:5:tfa2_hap_sequencer_object	392	static
tfa2_haptic.c:81:5:tfa2_haptic_start	24	static
