tfa2_dev.c:1143:5:tfa2_i2c_dsp_init	0	static
tfa2_dev.c:1455:12:write_cf_mem	48	static
tfa2_dev.c:33:13:tfa2_get_i2c_status_id_string	0	static
tfa2_dev.c:141:5:tfa2_set_query_info	16	static
tfa2_dev.c:246:5:tfa2_dev_load_config	16	static
tfa2_dev.c:540:5:tfa2_dev_is_fw_cold	0	static
tfa2_dev.c:1202:5:tfa2_dsp_init	0	static
tfa2_dev.c:1210:5:tfa2_dsp_execute	4	static
tfa2_dev.c:1226:10:tfa2_i2c_get_bf_value	0	static
tfa2_dev.c:1245:5:tfa2_i2c_set_bf_value	12	static
tfa2_dev.c:1271:5:tfa2_i2c_read_reg	40	static
tfa2_dev.c:98:5:tfa2_i2c_get_revid	8	static
tfa2_dev.c:93:5:tfa2_dev_get_revid	0	static
tfa2_dev.c:112:5:tfa2_dev_probe	16	static
tfa2_dev.c:546:5:tfa2_cf_enabled	8	static
tfa2_dev.c:1006:5:tfa2_dev_cf_enabled.part.0	8	static
tfa2_dev.c:1006:5:tfa2_dev_cf_enabled	0	static
tfa2_dev.c:928:5:tfa2_dev_update_config_init	8	static
tfa2_dev.c:1291:5:tfa2_i2c_write_reg	24	static
tfa2_dev.c:1351:12:tfa2_i2c_write_bf_internal	32	static
tfa2_dev.c:873:5:tfa2_dev_mute	16	static
tfa2_dev.c:1804:12:mtp_open.isra.0	24	static
tfa2_dev.c:550:5:tfa2_dev_set_configured	0	static
tfa2_dev.c:909:5:tfa2_dev_set_swvstep	8	static
tfa2_dev.c:967:5:tfa2_dev_faim_protect	0	static
tfa2_dev.c:841:5:tfa2_dev_init	16	static
tfa2_dev.c:1047:5:tfa2_i2c_rpc_write	24	static
tfa2_dev.c:1310:5:tfa2_i2c_read_regs	40	static
tfa2_dev.c:1337:5:tfa2_i2c_read_bf	8	static
tfa2_dev.c:78:6:tfa2_show_current_state	8	static
tfa2_dev.c:901:5:tfa2_dev_get_swprofile	8	static
tfa2_dev.c:919:5:tfa2_dev_get_swvstep	8	static
tfa2_dev.c:973:5:tfa2_dev_dsp_system_stable	16	static
tfa2_dev.c:1119:5:tfa2_i2c_bf_poll	24	static
tfa2_dev.c:1001:5:tfa2_dev_clock_stable_wait	0	static
tfa2_dev.c:1215:5:tfa2_get_noclk	0	static
tfa2_dev.c:888:5:tfa2_dev_set_swprofile	16	static
tfa2_dev.c:341:5:tfa2_dev_start_speakerboost	16	static
tfa2_dev.c:276:5:tfa2_dev_start_cf	40	static
tfa2_dev.c:577:5:tfa2_dev_set_state	24	static
tfa2_dev.c:496:5:tfa2_dev_force_cold	32	static
tfa2_dev.c:487:5:tfa2_dev_stop	0	static
tfa2_dev.c:197:5:tfa2_dev_start_hw	16	static
tfa2_dev.c:1811:12:set_mtp	40	static
tfa2_dev.c:369:5:tfa2_dev_start	24	static
tfa2_dev.c:1378:6:tfa2_i2c_unlock	8	static
tfa2_dev.c:1389:5:tfa2_i2c_write_bf	0	static
tfa2_dev.c:1394:5:tfa2_i2c_write_bf_volatile	0	static
tfa2_dev.c:1412:5:tfa2_24_to_32	16	static
tfa2_dev.c:1523:12:read_cf_mem	48	static
tfa2_dev.c:1072:5:tfa2_i2c_rpc_status	32	static
tfa2_dev.c:1152:5:tfa2_i2c_dsp_execute	40	static
tfa2_dev.c:1434:5:tfa2_32_to_24	4	static
tfa2_dev.c:1504:5:tfa2_i2c_write_cf_mem24	24	static
tfa2_dev.c:1510:5:tfa2_i2c_write_cf_mem32	24	static
tfa2_dev.c:1516:5:tfa2_i2c_write_cf_mem32_dsp_reset	24	static
tfa2_dev.c:1569:5:tfa2_i2c_read_cf_mem24	24	static
tfa2_dev.c:1574:5:tfa2_i2c_read_cf_mem32	24	static
tfa2_dev.c:1579:5:tfa2_i2c_read_cf_mem32_dsp_reset	24	static
tfa2_dev.c:1588:5:tfa2_dev_mtp_busy	16	static
tfa2_dev.c:1618:5:tfa2_dev_mtp_to_i2c	8	static
tfa2_dev.c:1637:5:tfa2_dev_mtp_readpair	24	static
tfa2_dev.c:1668:5:tfa2_dev_mtp_read	16	static
tfa2_dev.c:1689:5:tfa2_dev_mtp_writepair	24	static
tfa2_dev.c:1723:5:tfa2_dev_mtp_write	24	static
tfa2_dev.c:1774:5:tfa2_i2c_hap_key2	16	static
tfa2_dev.c:1882:5:tfa2_dev_mtp_get	16	static
tfa2_dev.c:1971:5:tfa2_dev_mtp_set	0	static
tfa2_dev.c:2006:6:tfa2_set_exttemp	16	static
tfa2_dev.c:2022:7:tfa2_get_exttemp	8	static
tfa2_dev.c:2029:5:tfa2_process_patch_file	24	static
tfa2_dev.c:1023:5:tfa2_dev_dsp_patch	0	static
tfa2_dev.c:2056:5:tfa2_check_patch	24	static
tfa2_dev.c:2128:5:tfa2_calibrate_profile_start	16	static
tfa2_dev.c:2291:5:tfa2_get_calibration_impedance	48	static
tfa2_dev.c:2192:5:tfa2_sb_calibrate	32	static
tfa2_dev.c:2312:5:tfa2dsp_fw_get_re25	24	static
tfa2_dev.c:2387:5:tfa2_dev_status	24	static
tfa2_dev.c:2434:5:tfa2_dev_set_volume	0	static
tfa2_dev.c:2440:5:tfa2_dev_get_volume	8	static
