fsl_os_abstraction_free_rtos.c:88:18:main_task	0	static
fsl_os_abstraction_free_rtos.c:119:7:OSA_MemoryAllocate	16	static
fsl_os_abstraction_free_rtos.c:137:6:OSA_MemoryFree	0	static
fsl_os_abstraction_free_rtos.c:142:6:OSA_EnterCritical	0	static
fsl_os_abstraction_free_rtos.c:158:6:OSA_ExitCritical	0	static
fsl_os_abstraction_free_rtos.c:180:6:startup_task	8	static
fsl_os_abstraction_free_rtos.c:330:6:OSA_TimeDelay	0	static
fsl_os_abstraction_free_rtos.c:340:10:OSA_TimeGetMsec	8	static
fsl_os_abstraction_free_rtos.c:362:14:OSA_SemaphoreCreate	8	static
fsl_os_abstraction_free_rtos.c:389:14:OSA_SemaphoreDestroy	8	static
fsl_os_abstraction_free_rtos.c:411:14:OSA_SemaphoreWait	8	static
fsl_os_abstraction_free_rtos.c:446:14:OSA_SemaphorePost	16	static
fsl_os_abstraction_free_rtos.c:487:14:OSA_MutexCreate	8	static
fsl_os_abstraction_free_rtos.c:517:14:OSA_MutexLock	8	static
fsl_os_abstraction_free_rtos.c:549:14:OSA_MutexUnlock	8	static
fsl_os_abstraction_free_rtos.c:571:14:OSA_MutexDestroy	8	static
fsl_os_abstraction_free_rtos.c:587:14:OSA_EventCreate	16	static
fsl_os_abstraction_free_rtos.c:611:14:OSA_EventSet	24	static
fsl_os_abstraction_free_rtos.c:645:14:OSA_EventClear	8	static
fsl_os_abstraction_free_rtos.c:675:14:OSA_EventGet	16	static
fsl_os_abstraction_free_rtos.c:720:14:OSA_EventWait	32	static
fsl_os_abstraction_free_rtos.c:778:14:OSA_EventDestroy	8	static
fsl_os_abstraction_free_rtos.c:799:14:OSA_MsgQCreate	8	static
fsl_os_abstraction_free_rtos.c:827:14:OSA_MsgQPut	16	static
fsl_os_abstraction_free_rtos.c:867:14:OSA_MsgQGet	8	static
fsl_os_abstraction_free_rtos.c:901:14:OSA_MsgQDestroy	8	static
fsl_os_abstraction_free_rtos.c:916:6:OSA_InterruptEnable	0	static
fsl_os_abstraction_free_rtos.c:942:6:OSA_InterruptDisable	0	static
fsl_os_abstraction_free_rtos.c:964:6:OSA_EnableIRQGlobal	0	static
fsl_os_abstraction_free_rtos.c:984:6:OSA_DisableIRQGlobal	0	static
fsl_os_abstraction_free_rtos.c:999:6:OSA_InstallIntHandler	0	static
