wwd_bus_protocol.c:656:21:wwd_bus_sdio_transfer.part.0.constprop	56	static
wwd_bus_protocol.c:696:21:wwd_bus_sdio_cmd53.constprop	64	static
wwd_bus_protocol.c:656:21:wwd_bus_sdio_transfer.constprop	24	static
wwd_bus_protocol.c:957:21:wwd_bus_sdio_set_oob_interrupt	32	static
wwd_bus_protocol.c:897:21:wwd_bus_sdio_abort_read.constprop	16	static
wwd_bus_protocol.c:221:14:wwd_bus_send_buffer	24	static
wwd_bus_protocol.c:429:14:wwd_bus_deinit	8	static
wwd_bus_protocol.c:518:14:wwd_bus_read_frame	48	static
wwd_bus_protocol.c:612:14:wwd_bus_write_backplane_value	32	static
wwd_bus_protocol.c:443:14:wwd_bus_ack_interrupt	0	static
wwd_bus_protocol.c:179:6:wwd_wait_for_wlan_event	16	static
wwd_bus_protocol.c:627:14:wwd_bus_read_backplane_value	24	static
wwd_bus_protocol.c:448:14:wwd_bus_wake_interrupt_present	16	static
wwd_bus_protocol.c:477:10:wwd_bus_packet_available_to_read	16	static
wwd_bus_protocol.c:642:14:wwd_bus_write_register_value	32	static
wwd_bus_protocol.c:647:14:wwd_bus_transfer_bytes	0	static
wwd_bus_protocol.c:916:14:wwd_bus_read_register_value	32	static
wwd_bus_protocol.c:775:21:wwd_bus_sdio_download_firmware	32	static
wwd_bus_protocol.c:233:14:wwd_bus_init	40	static
wwd_bus_protocol.c:922:14:wwd_bus_poke_wlan	0	static
wwd_bus_protocol.c:928:14:wwd_bus_set_flow_control	0	static
wwd_bus_protocol.c:941:14:wwd_bus_is_flow_controlled	0	static
wwd_bus_protocol.c:946:14:wwd_bus_specific_wakeup	0	static
wwd_bus_protocol.c:951:14:wwd_bus_specific_sleep	0	static
wwd_bus_protocol.c:976:6:wwd_bus_init_stats	0	static
wwd_bus_protocol.c:983:14:wwd_bus_print_stats	0	static
wwd_bus_protocol.c:1006:14:wwd_bus_reinit	40	static
