netif.c:1653:1:netif_null_output_ip4	0	static
netif.c:471:1:netif_do_set_ipaddr	24	static
netif.c:188:1:netif_init	0	static
netif.c:228:1:netif_input	16	static
netif.c:518:1:netif_set_ipaddr	16	static
netif.c:578:1:netif_set_netmask	8	static
netif.c:639:1:netif_set_gw	8	static
netif.c:676:1:netif_set_addr	32	static
netif.c:287:1:netif_add	40	static
netif.c:250:1:netif_add_noaddr	32	static
netif.c:840:1:netif_set_default	0	static
netif.c:862:1:netif_set_up	8	static
netif.c:940:1:netif_set_down	8	static
netif.c:755:1:netif_remove	16	static
netif.c:1009:1:netif_set_link_up	8	static
netif.c:1047:1:netif_set_link_down	8	static
netif.c:1085:1:netif_set_link_callback	0	static
netif.c:1690:1:netif_index_to_name	16	static
netif.c:1710:1:netif_get_by_index	0	static
netif.c:1735:1:netif_find	8	static
netif.c:1671:1:netif_name_to_index	8	static
