tcp.c:1015:1:tcp_new_port	20	static
tcp.c:201:1:tcp_init	0	static
tcp.c:210:1:tcp_free	8	static
tcp.c:294:1:tcp_backlog_delayed	8	static
tcp.c:317:1:tcp_backlog_accepted	8	static
tcp.c:409:1:tcp_close_shutdown_fin	8	static
tcp.c:662:1:tcp_bind	24	static
tcp.c:764:1:tcp_bind_netif	0	static
tcp.c:849:1:tcp_listen_with_backlog_and_err	24	static
tcp.c:826:1:tcp_listen_with_backlog	0	static
tcp.c:934:1:tcp_update_rcv_ann_wnd	16	static
tcp.c:972:1:tcp_recved	16	static
tcp.c:1540:1:tcp_txnow	8	static
tcp.c:1637:1:tcp_seg_free	8	static
tcp.c:1622:1:tcp_segs_free	8	static
tcp.c:1658:1:tcp_setprio	8	static
tcp.c:2024:1:tcp_arg	0	static
tcp.c:2047:1:tcp_recv	16	static
tcp.c:2067:1:tcp_sent	16	static
tcp.c:2093:1:tcp_err	16	static
tcp.c:2113:1:tcp_accept	0	static
tcp.c:2142:1:tcp_poll	16	static
tcp.c:2164:1:tcp_pcb_purge	16	static
tcp.c:1196:1:tcp_slowtmr	64	static
tcp.c:2214:1:tcp_pcb_remove	16	static
tcp.c:348:1:tcp_close_shutdown	32	static
tcp.c:484:1:tcp_close	8	static
tcp.c:1715:1:tcp_recv_null	8	static
tcp.c:1553:1:tcp_process_refused_data	24	static
tcp.c:1493:1:tcp_fasttmr	32	static
tcp.c:234:1:tcp_tmr	8	static
tcp.c:515:1:tcp_shutdown	16	static
tcp.c:563:1:tcp_abandon	56	static
tcp.c:638:1:tcp_abort	0	static
tcp.c:779:1:tcp_accept_null	8	static
tcp.c:2336:1:tcp_netif_ip_addr_changed_pcblist	16	static
tcp.c:1783:1:tcp_kill_state	8	static
tcp.c:1865:1:tcp_alloc	24	static
tcp.c:1980:1:tcp_new	0	static
tcp.c:1998:1:tcp_new_ip_type	0	static
tcp.c:2252:1:tcp_next_iss	8	static
tcp.c:2275:1:tcp_eff_send_mss_netif	16	static
tcp.c:1071:1:tcp_connect	24	static
tcp.c:2368:1:tcp_netif_ip_addr_changed	16	static
tcp.c:2391:1:tcp_debug_state_str	0	static
tcp.c:2397:1:tcp_tcp_get_tcp_addrinfo	0	static
