serial_manager.c:694:32:SerialManager_Read	40	static
serial_manager.c:198:32:SerialManager_StartWriting	8	static
serial_manager.c:620:32:SerialManager_Write	24	static
serial_manager.c:382:13:SerialManager_Task.part.0	32	static
serial_manager.c:470:13:SerialManager_TxCallback	24	static
serial_manager.c:514:13:SerialManager_RxCallback	40	static
serial_manager.c:823:25:SerialManager_Init	16	static
serial_manager.c:944:25:SerialManager_Deinit	8	static
serial_manager.c:1004:25:SerialManager_OpenWriteHandle	16	static
serial_manager.c:1062:25:SerialManager_OpenReadHandle	16	static
serial_manager.c:1123:25:SerialManager_WriteBlocking	0	static
serial_manager.c:1132:25:SerialManager_ReadBlocking	16	static
serial_manager.c:1142:25:SerialManager_WriteNonBlocking	0	static
serial_manager.c:1149:25:SerialManager_ReadNonBlocking	16	static
serial_manager.c:1154:25:SerialManager_CancelWriting	16	static
serial_manager.c:1031:25:SerialManager_CloseWriteHandle	16	static
serial_manager.c:1241:25:SerialManager_CancelReading	16	static
serial_manager.c:1094:25:SerialManager_CloseReadHandle	16	static
serial_manager.c:1278:25:SerialManager_TryRead	16	static
serial_manager.c:1288:25:SerialManager_InstallTxCallback	8	static
serial_manager.c:1306:25:SerialManager_InstallRxCallback	8	static
serial_manager.c:1325:25:SerialManager_EnterLowpower	8	static
serial_manager.c:1360:25:SerialManager_ExitLowpower	8	static
