api_msg.c:218:1:recv_udp	24	static
api_msg.c:514:1:setup_tcp	16	static
api_msg.c:1302:1:lwip_netconn_do_connected	24	static
api_msg.c:1641:1:lwip_netconn_do_writemore	56	static
api_msg.c:921:1:lwip_netconn_do_close_internal	48	static
api_msg.c:357:1:poll_tcp	16	static
api_msg.c:293:1:recv_tcp	24	static
api_msg.c:432:1:err_tcp	32	static
api_msg.c:398:1:sent_tcp	16	static
api_msg.c:131:1:lwip_netconn_is_err_msg	16	static
api_msg.c:680:1:lwip_netconn_do_newconn	16	static
api_msg.c:705:1:netconn_alloc	16	static
api_msg.c:795:1:netconn_free	8	static
api_msg.c:828:1:netconn_drain	48	static
api_msg.c:533:1:accept_function	24	static
api_msg.c:1114:1:lwip_netconn_do_delconn	16	static
api_msg.c:1217:1:lwip_netconn_do_bind	8	static
api_msg.c:1257:1:lwip_netconn_do_bind_if	8	static
api_msg.c:1351:1:lwip_netconn_do_connect	16	static
api_msg.c:1426:1:lwip_netconn_do_disconnect	8	static
api_msg.c:1450:1:lwip_netconn_do_listen	24	static
api_msg.c:1533:1:lwip_netconn_do_send	8	static
api_msg.c:1590:1:lwip_netconn_do_recv	24	static
api_msg.c:1615:1:lwip_netconn_do_accepted	0	static
api_msg.c:1814:1:lwip_netconn_do_write	8	static
api_msg.c:1868:1:lwip_netconn_do_getaddr	8	static
api_msg.c:1935:1:lwip_netconn_do_close	8	static
