sockets.c:540:1:alloc_socket	32	static
sockets.c:2231:1:lwip_pollscan	64	static
sockets.c:1809:1:lwip_link_select_cb	8	static
sockets.c:1833:1:lwip_unlink_select_cb	16	static
sockets.c:2738:1:lwip_getaddrname	40	static
sockets.c:958:1:lwip_recv_tcp	48	static
sockets.c:2515:1:event_callback	32	static
sockets.c:1873:1:lwip_selscan.isra.0	72	static
sockets.c:1061:1:lwip_sock_make_addr.isra.0	40	static
sockets.c:633:1:free_socket	24	static
sockets.c:1126:1:lwip_recvfrom_udp_raw.isra.0	40	static
sockets.c:359:1:lwip_socket_thread_init	0	static
sockets.c:366:1:lwip_socket_thread_cleanup	0	static
sockets.c:461:1:lwip_socket_dbg_get_socket	0	static
sockets.c:659:1:lwip_accept	56	static
sockets.c:756:1:lwip_bind	24	static
sockets.c:810:1:lwip_close	16	static
sockets.c:851:1:lwip_connect	24	static
sockets.c:919:1:lwip_listen	16	static
sockets.c:1237:1:lwip_recvfrom	72	static
sockets.c:1290:1:lwip_read	16	static
sockets.c:1313:1:lwip_recv	16	static
sockets.c:1319:1:lwip_recvmsg	56	static
sockets.c:1296:1:lwip_readv	48	static
sockets.c:1460:1:lwip_sendmsg	56	static
sockets.c:1623:1:lwip_sendto	48	static
sockets.c:1420:1:lwip_send	32	static
sockets.c:1723:1:lwip_socket	16	static
sockets.c:1784:1:lwip_write	0	static
sockets.c:1790:1:lwip_writev	48	static
sockets.c:2002:1:lwip_select	112	static
sockets.c:2357:1:lwip_poll	64	static
sockets.c:2693:1:lwip_shutdown	8	static
sockets.c:2785:1:lwip_getpeername	0	static
sockets.c:2791:1:lwip_getsockname	0	static
sockets.c:2797:1:lwip_getsockopt	24	static
sockets.c:3251:1:lwip_setsockopt	24	static
sockets.c:3802:1:lwip_ioctl	0	static
sockets.c:3910:1:lwip_fcntl	16	static
sockets.c:3993:1:lwip_inet_ntop	8	static
sockets.c:4026:1:lwip_inet_pton	0	static
